Component: ARM Compiler 5.06 update 1 (build 61) Tool: armlink [4d35a8]

==============================================================================

Section Cross References

    main.o(i.bt_function_selection) refers to strcmpv7m.o(.text) for strcmp
    main.o(i.close_file) refers to rt_memcpy_w.o(.text) for __aeabi_memcpy4
    main.o(i.close_file) refers to main.o(i.stop) for stop
    main.o(i.close_file) refers to usart.o(i.Usart_SendStr_length) for Usart_SendStr_length
    main.o(i.close_file) refers to ff.o(i.f_close) for f_close
    main.o(i.close_file) refers to main.o(.data) for flightflag
    main.o(i.get_file) refers to ff.o(i.f_open) for f_open
    main.o(i.get_file) refers to ff.o(i.f_sync) for f_sync
    main.o(i.get_file) refers to ff.o(i.f_read) for f_read
    main.o(i.get_file) refers to sim868.o(i.bt_send_data) for bt_send_data
    main.o(i.get_file) refers to ff.o(i.f_close) for f_close
    main.o(i.get_list) refers to ff.o(i.f_opendir) for f_opendir
    main.o(i.get_list) refers to ff.o(i.f_readdir) for f_readdir
    main.o(i.get_list) refers to sim868.o(i.bt_send_data) for bt_send_data
    main.o(i.get_list) refers to ff.o(i.f_closedir) for f_closedir
    main.o(i.group_package) refers to gps.o(i.data_init) for data_init
    main.o(i.group_package) refers to gps.o(i.reg_fill) for reg_fill
    main.o(i.group_package) refers to gps.o(i.cpn_fill) for cpn_fill
    main.o(i.group_package) refers to gps.o(i.id_fill) for id_fill
    main.o(i.group_package) refers to gps.o(i.gps_extract) for gps_extract
    main.o(i.group_package) refers to gps.o(i.longitude_fill) for longitude_fill
    main.o(i.group_package) refers to gps.o(i.gps_single_data_clean) for gps_single_data_clean
    main.o(i.group_package) refers to gps.o(i.latitude_fill) for latitude_fill
    main.o(i.group_package) refers to gps.o(i.elevation_fill) for elevation_fill
    main.o(i.group_package) refers to gps.o(i.time_fill) for time_fill
    main.o(i.group_package) refers to gps.o(i.speed_fill) for speed_fill
    main.o(i.group_package) refers to gps.o(i.direction_fill) for direction_fill
    main.o(i.group_package) refers to gps.o(i.other_fill) for other_fill
    main.o(i.group_package) refers to gps.o(i.crc_fill) for crc_fill
    main.o(i.group_package) refers to main.o(.data) for reg
    main.o(i.group_package) refers to main.o(.bss) for gps_single_data
    main.o(i.main) refers to delay.o(i.delay_init) for delay_init
    main.o(i.main) refers to key.o(i.key_init) for key_init
    main.o(i.main) refers to led.o(i.led_init) for led_init
    main.o(i.main) refers to key.o(i.key_on) for key_on
    main.o(i.main) refers to misc.o(i.NVIC_PriorityGroupConfig) for NVIC_PriorityGroupConfig
    main.o(i.main) refers to exti.o(i.exti0_init) for exti0_init
    main.o(i.main) refers to usart.o(i.uart1_init) for uart1_init
    main.o(i.main) refers to usart.o(i.uart2_init) for uart2_init
    main.o(i.main) refers to usart.o(i.uart3_init) for uart3_init
    main.o(i.main) refers to sd.o(i.sd_init) for sd_init
    main.o(i.main) refers to ff.o(i.f_mount) for f_mount
    main.o(i.main) refers to sim868.o(i.OPEN_SIM868) for OPEN_SIM868
    main.o(i.main) refers to usart.o(i.Usart_SendStr_length) for Usart_SendStr_length
    main.o(i.main) refers to sim868.o(i.ntp_init) for ntp_init
    main.o(i.main) refers to main.o(i.npt_extract) for npt_extract
    main.o(i.main) refers to __2printf.o(.text) for __2printf
    main.o(i.main) refers to delay.o(i.delay_ms) for delay_ms
    main.o(i.main) refers to sim868.o(i.GPS_init) for GPS_init
    main.o(i.main) refers to sim868.o(i.GSM_init) for GSM_init
    main.o(i.main) refers to stm32f10x_gpio.o(i.GPIO_SetBits) for GPIO_SetBits
    main.o(i.main) refers to main.o(i.o_finddir) for o_finddir
    main.o(i.main) refers to gps.o(i.gps_buf_extract) for gps_buf_extract
    main.o(i.main) refers to stm32f10x_usart.o(i.USART_ITConfig) for USART_ITConfig
    main.o(i.main) refers to main.o(i.group_package) for group_package
    main.o(i.main) refers to main.o(i.open_file) for open_file
    main.o(i.main) refers to main.o(i.write_file) for write_file
    main.o(i.main) refers to main.o(i.close_file) for close_file
    main.o(i.main) refers to sim868.o(i.BT_init) for BT_init
    main.o(i.main) refers to sim868.o(i.BT_connect) for BT_connect
    main.o(i.main) refers to sim868.o(i.data_recevied_flag) for data_recevied_flag
    main.o(i.main) refers to sim868.o(i.bt_extract_recevied_data) for bt_extract_recevied_data
    main.o(i.main) refers to main.o(i.bt_recevied_data_process) for bt_recevied_data_process
    main.o(i.main) refers to main.o(i.bt_function_selection) for bt_function_selection
    main.o(i.main) refers to main.o(i.get_list) for get_list
    main.o(i.main) refers to main.o(i.get_file) for get_file
    main.o(i.main) refers to sim868.o(i.bt_send_data) for bt_send_data
    main.o(i.main) refers to main.o(.data) for mode
    main.o(i.main) refers to main.o(.bss) for tim
[...]
    i.sd_getSector                           0x08005e48   Section        0  sd.o(i.sd_getSector)
    i.sd_init                                0x08005ecc   Section        0  sd.o(i.sd_init)
    i.sd_read                                0x08006060   Section        0  sd.o(i.sd_read)
    i.sd_readWrite                           0x080060d0   Section        0  sd.o(i.sd_readWrite)
    i.sd_recvData                            0x080060dc   Section        0  sd.o(i.sd_recvData)
    i.sd_sendBlock                           0x08006114   Section        0  sd.o(i.sd_sendBlock)
    i.sd_sendCmd                             0x0800616a   Section        0  sd.o(i.sd_sendCmd)
    i.sd_speedHigh                           0x080061e0   Section        0  sd.o(i.sd_speedHigh)
    i.sd_speedLow                            0x080061ea   Section        0  sd.o(i.sd_speedLow)
    i.sd_waitReady                           0x080061f4   Section        0  sd.o(i.sd_waitReady)
    i.sd_write                               0x08006214   Section        0  sd.o(i.sd_write)
    i.speed_fill                             0x080062a0   Section        0  gps.o(i.speed_fill)
    i.spi1_init                              0x080062fc   Section        0  spi.o(i.spi1_init)
    i.spi1_readWriteByte                     0x080063f0   Section        0  spi.o(i.spi1_readWriteByte)
    i.spi1_setSpeed                          0x08006444   Section        0  spi.o(i.spi1_setSpeed)
    i.st_clust                               0x08006468   Section        0  ff.o(i.st_clust)
    st_clust                                 0x08006469   Thumb Code    16  ff.o(i.st_clust)
    i.start                                  0x08006478   Section        0  main.o(i.start)
    i.stop                                   0x080064e0   Section        0  main.o(i.stop)
    i.sync_fs                                0x08006548   Section        0  ff.o(i.sync_fs)
    sync_fs                                  0x08006549   Thumb Code   200  ff.o(i.sync_fs)
    i.sync_window                            0x08006610   Section        0  ff.o(i.sync_window)
    sync_window                              0x08006611   Thumb Code    82  ff.o(i.sync_window)
    i.time_fill                              0x08006664   Section        0  gps.o(i.time_fill)
    i.uart1_init                             0x0800692c   Section        0  usart.o(i.uart1_init)
    i.uart2_init                             0x080069cc   Section        0  usart.o(i.uart2_init)
    i.uart3_init                             0x08006a78   Section        0  usart.o(i.uart3_init)
    i.validate                               0x08006b18   Section        0  ff.o(i.validate)
    validate                                 0x08006b19   Thumb Code    54  ff.o(i.validate)
    i.write_file                             0x08006b4e   Section        0  main.o(i.write_file)
    locale$$code                             0x08006b70   Section       44  lc_numeric_c.o(locale$$code)
    locale$$code                             0x08006b9c   Section       44  lc_ctype_c.o(locale$$code)
    x$fpl$d2f                                0x08006bc8   Section       98  d2f.o(x$fpl$d2f)
    x$fpl$dcheck1                            0x08006c2c   Section       16  dcheck1.o(x$fpl$dcheck1)
    x$fpl$dcmpinf                            0x08006c3c   Section       24  dcmpi.o(x$fpl$dcmpinf)
    x$fpl$deqf                               0x08006c54   Section      120  deqf.o(x$fpl$deqf)
    x$fpl$dleqf                              0x08006ccc   Section      120  dleqf.o(x$fpl$dleqf)
    x$fpl$dmul                               0x08006d44   Section      340  dmul.o(x$fpl$dmul)
    x$fpl$dnaninf                            0x08006e98   Section      156  dnaninf.o(x$fpl$dnaninf)
    x$fpl$dretinf                            0x08006f34   Section       12  dretinf.o(x$fpl$dretinf)
    x$fpl$drleqf                             0x08006f40   Section      108  drleqf.o(x$fpl$drleqf)
    x$fpl$f2d                                0x08006fac   Section       86  f2d.o(x$fpl$f2d)
    x$fpl$fadd                               0x08007004   Section      196  faddsub_clz.o(x$fpl$fadd)
    _fadd1                                   0x08007013   Thumb Code     0  faddsub_clz.o(x$fpl$fadd)
    x$fpl$fdiv                               0x080070c8   Section      388  fdiv.o(x$fpl$fdiv)
    _fdiv1                                   0x080070c9   Thumb Code     0  fdiv.o(x$fpl$fdiv)
    x$fpl$ffix                               0x0800724c   Section       54  ffix.o(x$fpl$ffix)
    x$fpl$ffixu                              0x08007284   Section       62  ffixu.o(x$fpl$ffixu)
    x$fpl$fflt                               0x080072c4   Section       48  fflt_clz.o(x$fpl$fflt)
    x$fpl$fmul                               0x080072f4   Section      258  fmul.o(x$fpl$fmul)
    x$fpl$fnaninf                            0x080073f6   Section      140  fnaninf.o(x$fpl$fnaninf)
    x$fpl$fretinf                            0x08007482   Section       10  fretinf.o(x$fpl$fretinf)
    x$fpl$fsub                               0x0800748c   Section      234  faddsub_clz.o(x$fpl$fsub)
    _fsub1                                   0x0800749b   Thumb Code     0  faddsub_clz.o(x$fpl$fsub)
    x$fpl$llufromf                           0x08007578   Section       92  ffixull.o(x$fpl$llufromf)
    x$fpl$retnan                             0x080075d4   Section      100  retnan.o(x$fpl$retnan)
    x$fpl$scalbn                             0x08007638   Section       92  scalbn.o(x$fpl$scalbn)
    x$fpl$scanf1                             0x08007694   Section        4  scanf1.o(x$fpl$scanf1)
    x$fpl$scanf2                             0x08007698   Section        8  scanf2.o(x$fpl$scanf2)
    x$fpl$trapveneer                         0x080076a0   Section       48  trapv.o(x$fpl$trapveneer)
    .constdata                               0x080076d0   Section      100  main.o(.constdata)
    x$fpl$usenofp                            0x080076d0   Section        0  usenofp.o(x$fpl$usenofp)
    .constdata                               0x08007734   Section      108  gps.o(.constdata)
    .constdata                               0x080077a0   Section       17  __printf_flags_ss_wp.o(.constdata)
    maptable                                 0x080077a0   Data          17  __printf_flags_ss_wp.o(.constdata)
    .constdata                               0x080077b4   Section      148  bigflt0.o(.constdata)
    tenpwrs_x                                0x080077b4   Data          60  bigflt0.o(.constdata)
    tenpwrs_i                                0x080077f0   Data          64  bigflt0.o(.constdata)
    .conststring                             0x08007848   Section       71  sim868.o(.conststring)
    c$$dinf                                  0x080078b0   Section        8  fpconst.o(c$$dinf)
    locale$$data                             0x080078b8   Section       28  lc_numeric_c.o(locale$$data)
    __lcnum_c_name                           0x080078bc   Data           2  lc_numeric_c.o(locale$$data)
    __lcnum_c_start                          0x080078c4   Data           0  lc_numeric_c.o(locale$$data)
    __lcnum_c_point                          0x080078d0   Data           0  lc_numeric_c.o(locale$$data)
    __lcnum_c_thousands                      0x080078d2   Data           0  lc_numeric_c.o(locale$$data)
    __lcnum_c_grouping                       0x080078d3   Data           0  lc_numeric_c.o(locale$$data)
    locale$$data                             0x080078d4   Section      272  lc_ctype_c.o(locale$$data)
    __lcnum_c_end                            0x080078d4   Data           0  lc_numeric_c.o(locale$$data)
    __lcctype_c_name                         0x080078d8   Data           2  lc_ctype_c.o(locale$$data)
    __lcctype_c_start                        0x080078e0   Data           0  lc_ctype_c.o(locale$$data)
    __lcctype_c_end                          0x080079e4   Data           0  lc_ctype_c.o(locale$$data)
    .data                                    0x20000000   Section      100  main.o(.data)
    flightstart                              0x2000005c   Data           4  main.o(.data)
    flightstop                               0x20000060   Data           4  main.o(.data)
    .data                                    0x20000064   Section       20  system_stm32f10x.o(.data)
    .data                                    0x20000078   Section        4  delay.o(.data)
    fac_us                                   0x20000078   Data           1  delay.o(.data)
    fac_ms                                   0x2000007a   Data           2  delay.o(.data)
    .data                                    0x2000007c   Section       20  usart.o(.data)
    .data                                    0x20000090   Section        1  crc16.o(.data)
    crc_tab16_init                           0x20000090   Data           1  crc16.o(.data)
    .data                                    0x20000094   Section        4  sim868.o(.data)
    .data                                    0x20000098   Section        1  sd.o(.data)
    .data                                    0x2000009c   Section        6  ff.o(.data)
    FatFs                                    0x2000009c   Data           4  ff.o(.data)
    Fsid                                     0x200000a0   Data           2  ff.o(.data)
    .data                                    0x200000a2   Section       20  stm32f10x_rcc.o(.data)
    APBAHBPrescTable                         0x200000a2   Data          16  stm32f10x_rcc.o(.data)
    ADCPrescTable                            0x200000b2   Data           4  stm32f10x_rcc.o(.data)
    .bss                                     0x200000b8   Section     1560  main.o(.bss)
    .bss                                     0x200006d0   Section     2127  usart.o(.bss)
    .bss                                     0x20000f20   Section       18  spi.o(.bss)
    .bss                                     0x20000f32   Section      512  crc16.o(.bss)
    crc_tab16                                0x20000f32   Data         512  crc16.o(.bss)
    .bss                                     0x20001134   Section       96  libspace.o(.bss)
    HEAP                                     0x20001198   Section     1024  startup_stm32f10x_md_vl.o(HEAP)
    Heap_Mem                                 0x20001198   Data        1024  startup_stm32f10x_md_vl.o(HEAP)
    STACK                                    0x20001598   Section     1536  startup_stm32f10x_md_vl.o(STACK)
    Stack_Mem                                0x20001598   Data        1536  startup_stm32f10x_md_vl.o(STACK)
    __initial_sp                             0x20001b98   Data           0  startup_stm32f10x_md_vl.o(STACK)

    Global Symbols

    Symbol Name                              Value     Ov Type        Size  Object(Section)

    BuildAttributes$$THM_ISAv4$P$D$K$B$S$PE$A:L22UL41UL21$X:L11$S22US41US21$IEEE1$IW$USESV6$~STKCKD$USESV7$~SHL$OTIME$ROPI$IEEEX$EBA8$UX$STANDARDLIB$REQ8$PRES8$EABIv2 0x00000000   Number         0  anon$$obj.o ABSOLUTE
    __ARM_use_no_argv                        0x00000000   Number         0  main.o ABSOLUTE
    _printf_flags                            0x00000000   Number         0  printf_stubs.o ABSOLUTE
    _printf_return_value                     0x00000000   Number         0  printf_stubs.o ABSOLUTE
    _printf_sizespec                         0x00000000   Number         0  printf_stubs.o ABSOLUTE
    _printf_widthprec                        0x00000000   Number         0  printf_stubs.o ABSOLUTE
    __ARM_exceptions_init                     - Undefined Weak Reference
    __alloca_initialize                       - Undefined Weak Reference
    __arm_preinit_                            - Undefined Weak Reference
    __cpp_initialize__aeabi_                  - Undefined Weak Reference
    __cxa_finalize                            - Undefined Weak Reference
    __sigvec_lookup                           - Undefined Weak Reference
    _atexit_init                              - Undefined Weak Reference
    _call_atexit_fns                          - Undefined Weak Reference
    _clock_init                               - Undefined Weak Reference
    _fp_trap_init                             - Undefined Weak Reference
    _fp_trap_shutdown                         - Undefined Weak Reference
    _get_lc_collate                           - Undefined Weak Reference
    _get_lc_monetary                          - Undefined Weak Reference
    _get_lc_time                              - Undefined Weak Reference
    _getenv_init                              - Undefined Weak Reference
    _handle_redirection                       - Undefined Weak Reference
    _init_alloc                               - Undefined Weak Reference
    _init_user_alloc                          - Undefined Weak Reference
    _initio                                   - Undefined Weak Reference
    _mutex_acquire                            - Undefined Weak Reference
    _mutex_release                            - Undefined Weak Reference
    _printf_fp_hex                            - Undefined Weak Reference
    _printf_mbtowc                            - Undefined Weak Reference
    _printf_wc                                - Undefined Weak Reference
    _rand_init                                - Undefined Weak Reference
    _signal_finish                            - Undefined Weak Reference
    _signal_init                              - Undefined Weak Reference
    _terminate_alloc                          - Undefined Weak Reference
    _terminate_user_alloc                     - Undefined Weak Reference
    _terminateio                              - Undefined Weak Reference
    __Vectors_Size                           0x00000120   Number         0  startup_stm32f10x_md_vl.o ABSOLUTE
    __Vectors                                0x08000000   Data           4  startup_stm32f10x_md_vl.o(RESET)
    __Vectors_End                            0x08000120   Data           0  startup_stm32f10x_md_vl.o(RESET)
    __main                                   0x08000121   Thumb Code     8  __main.o(!!!main)
    __scatterload                            0x08000129   Thumb Code     0  __scatter.o(!!!scatter)
    __scatterload_rt2                        0x08000129   Thumb Code    44  __scatter.o(!!!scatter)
    __scatterload_rt2_thumb_only             0x08000129   Thumb Code     0  __scatter.o(!!!scatter)
    __scatterload_null                       0x08000137   Thumb Code     0  __scatter.o(!!!scatter)
    __scatterload_copy                       0x0800015d   Thumb Code    26  __scatter_copy.o(!!handler_copy)
    __scatterload_zeroinit                   0x08000179   Thumb Code    28  __scatter_zi.o(!!handler_zi)
    _printf_percent                          0x08000195   Thumb Code     0  _printf_percent.o(.ARM.Collect$$_printf_percent$$00000000)
    _printf_percent_end                      0x08000195   Thumb Code     0  _printf_percent_end.o(.ARM.Collect$$_printf_percent$$00000017)
    __rt_lib_init                            0x08000199   Thumb Code     0  libinit.o(.ARM.Collect$$libinit$$00000000)
    __rt_lib_init_fp_1                       0x0800019b   Thumb Code     0  libinit2.o(.ARM.Collect$$libinit$$00000002)
    __rt_lib_init_heap_1                     0x0800019b   Thumb Code     0  libinit2.o(.ARM.Collect$$libinit$$0000000A)
    __rt_lib_init_lc_common                  0x0800019b   Thumb Code     0  libinit2.o(.ARM.Collect$$libinit$$0000000F)
    __rt_lib_init_preinit_1                  0x0800019b   Thumb Code     0  libinit2.o(.ARM.Collect$$libinit$$00000004)
    __rt_lib_init_rand_1                     0x0800019b   Thumb Code     0  libinit2.o(.ARM.Collect$$libinit$$0000000E)
    __rt_lib_init_user_alloc_1               0x0800019b   Thumb Code     0  libinit2.o(.ARM.Collect$$libinit$$0000000C)
    __rt_lib_init_lc_collate_1               0x080001a1   Thumb Code     0  libinit2.o(.ARM.Collect$$libinit$$00000011)
    __rt_lib_init_lc_ctype_2                 0x080001a1   Thumb Code     0  libinit2.o(.ARM.Collect$$libinit$$00000012)
    __rt_lib_init_lc_ctype_1                 0x080001ad   Thumb Code     0  libinit2.o(.ARM.Collect$$libinit$$00000013)
    __rt_lib_init_lc_monetary_1              0x080001ad   Thumb Code     0  libinit2.o(.ARM.Collect$$libinit$$00000015)
    __rt_lib_init_lc_numeric_2               0x080001ad   Thumb Code     0  libinit2.o(.ARM.Collect$$libinit$$00000016)
    __rt_lib_init_alloca_1                   0x080001b7   Thumb Code     0  libinit2.o(.ARM.Collect$$libinit$$0000002E)
    __rt_lib_init_argv_1                     0x080001b7   Thumb Code     0  libinit2.o(.ARM.Collect$$libinit$$0000002C)
    __rt_lib_init_atexit_1                   0x080001b7   Thumb Code     0  libinit2.o(.ARM.Collect$$libinit$$0000001B)
    __rt_lib_init_clock_1                    0x080001b7   Thumb Code     0  libinit2.o(.ARM.Collect$$libinit$$00000021)
    __rt_lib_init_cpp_1                      0x080001b7   Thumb Code     0  libinit2.o(.ARM.Collect$$libinit$$00000032)
    __rt_lib_init_exceptions_1               0x080001b7   Thumb Code     0  libinit2.o(.ARM.Collect$$libinit$$00000030)
    __rt_lib_init_fp_trap_1                  0x080001b7   Thumb Code     0  libinit2.o(.ARM.Collect$$libinit$$0000001F)
    __rt_lib_init_getenv_1                   0x080001b7   Thumb Code     0  libinit2.o(.ARM.Collect$$libinit$$00000023)
    __rt_lib_init_lc_numeric_1               0x080001b7   Thumb Code     0  libinit2.o(.ARM.Collect$$libinit$$00000017)
    __rt_lib_init_lc_time_1                  0x080001b7   Thumb Code     0  libinit2.o(.ARM.Collect$$libinit$$00000019)
    __rt_lib_init_return                     0x080001b7   Thumb Code     0  libinit2.o(.ARM.Collect$$libinit$$00000033)
    __rt_lib_init_signal_1                   0x080001b7   Thumb Code     0  libinit2.o(.ARM.Collect$$libinit$$0000001D)
    __rt_lib_init_stdio_1                    0x080001b7   Thumb Code     0  libinit2.o(.ARM.Collect$$libinit$$00000025)
    __rt_lib_shutdown                        0x080001b9   Thumb Code     0  libshutdown.o(.ARM.Collect$$libshutdown$$00000000)
    __rt_lib_shutdown_cpp_1                  0x080001bb   Thumb Code     0  libshutdown2.o(.ARM.Collect$$libshutdown$$00000002)
    __rt_lib_shutdown_fp_trap_1              0x080001bb   Thumb Code     0  libshutdown2.o(.ARM.Collect$$libshutdown$$00000007)
    __rt_lib_shutdown_heap_1                 0x080001bb   Thumb Code     0  libshutdown2.o(.ARM.Collect$$libshutdown$$0000000F)
    __rt_lib_shutdown_return                 0x080001bb   Thumb Code     0  libshutdown2.o(.ARM.Collect$$libshutdown$$00000010)
    __rt_lib_shutdown_signal_1               0x080001bb   Thumb Code     0  libshutdown2.o(.ARM.Collect$$libshutdown$$0000000A)
    __rt_lib_shutdown_stdio_1                0x080001bb   Thumb Code     0  libshutdown2.o(.ARM.Collect$$libshutdown$$00000004)
    __rt_lib_shutdown_user_alloc_1           0x080001bb   Thumb Code     0  libshutdown2.o(.ARM.Collect$$libshutdown$$0000000C)
    __rt_entry                               0x080001bd   Thumb Code     0  __rtentry.o(.ARM.Collect$$rtentry$$00000000)
    __rt_entry_presh_1                       0x080001bd   Thumb Code     0  __rtentry2.o(.ARM.Collect$$rtentry$$00000002)
    __rt_entry_sh                            0x080001bd   Thumb Code     0  __rtentry4.o(.ARM.Collect$$rtentry$$00000004)
    __rt_entry_li                            0x080001c3   Thumb Code     0  __rtentry2.o(.ARM.Collect$$rtentry$$0000000A)
    __rt_entry_postsh_1                      0x080001c3   Thumb Code     0  __rtentry2.o(.ARM.Collect$$rtentry$$00000009)
    __rt_entry_main                          0x080001c7   Thumb Code     0  __rtentry2.o(.ARM.Collect$$rtentry$$0000000D)
    __rt_entry_postli_1                      0x080001c7   Thumb Code     0  __rtentry2.o(.ARM.Collect$$rtentry$$0000000C)
    __rt_exit                                0x080001cf   Thumb Code     0  rtexit.o(.ARM.Collect$$rtexit$$00000000)
    __rt_exit_ls                             0x080001d1   Thumb Code     0  rtexit2.o(.ARM.Collect$$rtexit$$00000003)
    __rt_exit_prels_1                        0x080001d1   Thumb Code     0  rtexit2.o(.ARM.Collect$$rtexit$$00000002)
    __rt_exit_exit                           0x080001d5   Thumb Code     0  rtexit2.o(.ARM.Collect$$rtexit$$00000004)
    Reset_Handler                            0x080001dd   Thumb Code     8  startup_stm32f10x_md_vl.o(.text)
    ADC1_IRQHandler                          0x080001f7   Thumb Code     0  startup_stm32f10x_md_vl.o(.text)
    CEC_IRQHandler                           0x080001f7   Thumb Code     0  startup_stm32f10x_md_vl.o(.text)
    DMA1_Channel1_IRQHandler                 0x080001f7   Thumb Code     0  startup_stm32f10x_md_vl.o(.text)
    DMA1_Channel2_IRQHandler                 0x080001f7   Thumb Code     0  startup_stm32f10x_md_vl.o(.text)
    DMA1_Channel3_IRQHandler                 0x080001f7   Thumb Code     0  startup_stm32f10x_md_vl.o(.text)
    DMA1_Channel4_IRQHandler                 0x080001f7   Thumb Code     0  startup_stm32f10x_md_vl.o(.text)
    DMA1_Channel5_IRQHandler                 0x080001f7   Thumb Code     0  startup_stm32f10x_md_vl.o(.text)
    DMA1_Channel6_IRQHandler                 0x080001f7   Thumb Code     0  startup_stm32f10x_md_vl.o(.text)
    DMA1_Channel7_IRQHandler                 0x080001f7   Thumb Code     0  startup_stm32f10x_md_vl.o(.text)
    EXTI15_10_IRQHandler                     0x080001f7   Thumb Code     0  startup_stm32f10x_md_vl.o(.text)
    EXTI1_IRQHandler                         0x080001f7   Thumb Code     0  startup_stm32f10x_md_vl.o(.text)
    EXTI2_IRQHandler                         0x080001f7   Thumb Code     0  startup_stm32f10x_md_vl.o(.text)
    EXTI3_IRQHandler                         0x080001f7   Thumb Code     0  startup_stm32f10x_md_vl.o(.text)
    EXTI4_IRQHandler                         0x080001f7   Thumb Code     0  startup_stm32f10x_md_vl.o(.text)
    EXTI9_5_IRQHandler                       0x080001f7   Thumb Code     0  startup_stm32f10x_md_vl.o(.text)
    FLASH_IRQHandler                         0x080001f7   Thumb Code     0  startup_stm32f10x_md_vl.o(.text)
    I2C1_ER_IRQHandler                       0x080001f7   Thumb Code     0  startup_stm32f10x_md_vl.o(.text)
    I2C1_EV_IRQHandler                       0x080001f7   Thumb Code     0  startup_stm32f10x_md_vl.o(.text)
    I2C2_ER_IRQHandler                       0x080001f7   Thumb Code     0  startup_stm32f10x_md_vl.o(.text)
    I2C2_EV_IRQHandler                       0x080001f7   Thumb Code     0  startup_stm32f10x_md_vl.o(.text)
    PVD_IRQHandler                           0x080001f7   Thumb Code     0  startup_stm32f10x_md_vl.o(.text)
    RCC_IRQHandler                           0x080001f7   Thumb Code     0  startup_stm32f10x_md_vl.o(.text)
    RTCAlarm_IRQHandler                      0x080001f7   Thumb Code     0  startup_stm32f10x_md_vl.o(.text)
    RTC_IRQHandler                           0x080001f7   Thumb Code     0  startup_stm32f10x_md_vl.o(.text)
    SPI1_IRQHandler                          0x080001f7   Thumb Code     0  startup_stm32f10x_md_vl.o(.text)
    SPI2_IRQHandler                          0x080001f7   Thumb Code     0  startup_stm32f10x_md_vl.o(.text)
    TAMPER_IRQHandler                        0x080001f7   Thumb Code     0  startup_stm32f10x_md_vl.o(.text)
    TIM1_BRK_TIM15_IRQHandler                0x080001f7   Thumb Code     0  startup_stm32f10x_md_vl.o(.text)
    TIM1_CC_IRQHandler                       0x080001f7   Thumb Code     0  startup_stm32f10x_md_vl.o(.text)
    TIM1_TRG_COM_TIM17_IRQHandler            0x080001f7   Thumb Code     0  startup_stm32f10x_md_vl.o(.text)
    TIM1_UP_TIM16_IRQHandler                 0x080001f7   Thumb Code     0  startup_stm32f10x_md_vl.o(.text)
    TIM2_IRQHandler                          0x080001f7   Thumb Code     0  startup_stm32f10x_md_vl.o(.text)
    TIM3_IRQHandler                          0x080001f7   Thumb Code     0  startup_stm32f10x_md_vl.o(.text)
    TIM4_IRQHandler                          0x080001f7   Thumb Code     0  startup_stm32f10x_md_vl.o(.text)
    TIM6_DAC_IRQHandler                      0x080001f7   Thumb Code     0  startup_stm32f10x_md_vl.o(.text)
    TIM7_IRQHandler                          0x080001f7   Thumb Code     0  startup_stm32f10x_md_vl.o(.text)
    WWDG_IRQHandler                          0x080001f7   Thumb Code     0  startup_stm32f10x_md_vl.o(.text)
    __user_initial_stackheap                 0x080001f9   Thumb Code     0  startup_stm32f10x_md_vl.o(.text)
    __use_no_semihosting                     0x0800021d   Thumb Code     2  use_no_semi_2.o(.text)
    __2printf                                0x08000221   Thumb Code    20  __2printf.o(.text)
    atoi                                     0x08000239   Thumb Code    26  atoi.o(.text)
    strstr                                   0x08000253   Thumb Code    36  strstr.o(.text)
    __aeabi_memcpy4                          0x08000277   Thumb Code     0  rt_memcpy_w.o(.text)
    __aeabi_memcpy8                          0x08000277   Thumb Code     0  rt_memcpy_w.o(.text)
    __rt_memcpy_w                            0x08000277   Thumb Code   100  rt_memcpy_w.o(.text)
    _memcpy_lastbytes_aligned                0x080002bf   Thumb Code     0  rt_memcpy_w.o(.text)
    strcmp                                   0x080002dd   Thumb Code   128  strcmpv7m.o(.text)
    __use_two_region_memory                  0x0800035d   Thumb Code     2  heapauxi.o(.text)
    __rt_heap_escrow$2region                 0x0800035f   Thumb Code     2  heapauxi.o(.text)
    __rt_heap_expand$2region                 0x08000361   Thumb Code     2  heapauxi.o(.text)
    __I$use$semihosting                      0x08000363   Thumb Code     0  use_no_semi.o(.text)
    __use_no_semihosting_swi                 0x08000363   Thumb Code     2  use_no_semi.o(.text)
    __aeabi_errno_addr                       0x08000365   Thumb Code     8  rt_errno_addr_intlibspace.o(.text)
    __errno$intlibspace                      0x08000365   Thumb Code     0  rt_errno_addr_intlibspace.o(.text)
    __rt_errno_addr$intlibspace              0x08000365   Thumb Code     0  rt_errno_addr_intlibspace.o(.text)
    __read_errno                             0x0800036d   Thumb Code    10  _rserrno.o(.text)
    __set_errno                              0x08000377   Thumb Code    12  _rserrno.o(.text)
    _printf_char_common                      0x0800038f   Thumb Code    32  _printf_char_common.o(.text)
    _printf_char_file                        0x080003b5   Thumb Code    32  _printf_char_file.o(.text)
    __printf                                 0x080003d9   Thumb Code   388  __printf_flags_ss_wp.o(.text)
    __strtod_int                             0x0800059d   Thumb Code    88  strtod.o(.text)
    strtol                                   0x08000601   Thumb Code   112  strtol.o(.text)
    __user_libspace                          0x08000671   Thumb Code     8  libspace.o(.text)
    __user_perproc_libspace                  0x08000671   Thumb Code     0  libspace.o(.text)
    __user_perthread_libspace                0x08000671   Thumb Code     0  libspace.o(.text)
    __rt_ctype_table                         0x08000679   Thumb Code    16  rt_ctype_table.o(.text)
    isspace                                  0x08000689   Thumb Code    18  isspace.o(.text)
    _sgetc                                   0x0800069b   Thumb Code    30  _sgetc.o(.text)
    _sbackspace                              0x080006b9   Thumb Code    34  _sgetc.o(.text)
    _strtoul                                 0x080006db   Thumb Code   158  _strtoul.o(.text)
    ferror                                   0x08000779   Thumb Code     8  ferror.o(.text)
    __user_setup_stackheap                   0x08000781   Thumb Code    74  sys_stackheap_outer.o(.text)
    __rt_locale                              0x080007cd   Thumb Code     8  rt_locale_intlibspace.o(.text)
    _chval                                   0x080007d5   Thumb Code    28  _chval.o(.text)
    _scanf_really_real                       0x080009ed   Thumb Code   668  scanf_fp.o(.text)
    _btod_etento                             0x08000c95   Thumb Code   216  bigflt0.o(.text)
    exit                                     0x08000d71   Thumb Code    18  exit.o(.text)
    _scanf_really_hex_real                   0x08000d85   Thumb Code   778  scanf_hexfp.o(.text)
    _scanf_really_infnan                     0x0800109d   Thumb Code   292  scanf_infnan.o(.text)
    __aeabi_llsl                             0x080011d1   Thumb Code     0  llshl.o(.text)
    _ll_shift_l                              0x080011d1   Thumb Code    38  llshl.o(.text)
    __btod_div_common                        0x080011f7   Thumb Code   696  btod.o(CL$$btod_div_common)
    _e2d                                     0x08001531   Thumb Code    80  btod.o(CL$$btod_e2d)
    _e2e                                     0x08001585   Thumb Code   198  btod.o(CL$$btod_e2e)
    _btod_ediv                               0x0800164b   Thumb Code    40  btod.o(CL$$btod_ediv)
    _btod_edivd                              0x08001673   Thumb Code    40  btod.o(CL$$btod_edivd)
    _btod_emul                               0x0800169b   Thumb Code    40  btod.o(CL$$btod_emul)
    _btod_emuld                              0x080016c3   Thumb Code    40  btod.o(CL$$btod_emuld)
    __btod_mult_common                       0x080016eb   Thumb Code   580  btod.o(CL$$btod_mult_common)
    BT_connect                               0x08001931   Thumb Code   122  sim868.o(i.BT_connect)
    BT_init                                  0x080019fd   Thumb Code    76  sim868.o(i.BT_init)
    BusFault_Handler                         0x08001a8d   Thumb Code     4  stm32f10x_it.o(i.BusFault_Handler)
    Clear_Buffer1                            0x08001a91   Thumb Code    38  usart.o(i.Clear_Buffer1)
    DebugMon_Handler                         0x08001ac1   Thumb Code     2  stm32f10x_it.o(i.DebugMon_Handler)
    EXTI0_IRQHandler                         0x08001ac3   Thumb Code    22  exti.o(i.EXTI0_IRQHandler)
    EXTI_ClearITPendingBit                   0x08001ad9   Thumb Code     6  stm32f10x_exti.o(i.EXTI_ClearITPendingBit)
    EXTI_GetITStatus                         0x08001ae5   Thumb Code    34  stm32f10x_exti.o(i.EXTI_GetITStatus)
    EXTI_Init                                0x08001b0d   Thumb Code   142  stm32f10x_exti.o(i.EXTI_Init)
    GPIO_EXTILineConfig                      0x08001ba1   Thumb Code    60  stm32f10x_gpio.o(i.GPIO_EXTILineConfig)
    GPIO_Init                                0x08001be1   Thumb Code   278  stm32f10x_gpio.o(i.GPIO_Init)
    GPIO_PinRemapConfig                      0x08001cf9   Thumb Code   138  stm32f10x_gpio.o(i.GPIO_PinRemapConfig)
    GPIO_ReadInputDataBit                    0x08001d89   Thumb Code    18  stm32f10x_gpio.o(i.GPIO_ReadInputDataBit)
    GPIO_ResetBits                           0x08001d9b   Thumb Code     4  stm32f10x_gpio.o(i.GPIO_ResetBits)
    GPIO_SetBits                             0x08001d9f   Thumb Code     4  stm32f10x_gpio.o(i.GPIO_SetBits)
    GPS_init                                 0x08001da5   Thumb Code    78  sim868.o(i.GPS_init)
    GSM_init                                 0x08001e49   Thumb Code   822  sim868.o(i.GSM_init)
    HardFault_Handler                        0x080022ed   Thumb Code     4  stm32f10x_it.o(i.HardFault_Handler)
    MemManage_Handler                        0x080022f1   Thumb Code     4  stm32f10x_it.o(i.MemManage_Handler)
    NMI_Handler                              0x080022f5   Thumb Code     2  stm32f10x_it.o(i.NMI_Handler)
    NVIC_Init                                0x080022f9   Thumb Code   100  misc.o(i.NVIC_Init)
    NVIC_PriorityGroupConfig                 0x08002369   Thumb Code    10  misc.o(i.NVIC_PriorityGroupConfig)
    OPEN_SIM868                              0x0800237d   Thumb Code   192  sim868.o(i.OPEN_SIM868)
    PendSV_Handler                           0x08002459   Thumb Code     2  stm32f10x_it.o(i.PendSV_Handler)
    RCC_APB1PeriphClockCmd                   0x0800245d   Thumb Code    26  stm32f10x_rcc.o(i.RCC_APB1PeriphClockCmd)
    RCC_APB1PeriphResetCmd                   0x0800247d   Thumb Code    26  stm32f10x_rcc.o(i.RCC_APB1PeriphResetCmd)
    RCC_APB2PeriphClockCmd                   0x0800249d   Thumb Code    26  stm32f10x_rcc.o(i.RCC_APB2PeriphClockCmd)
    RCC_APB2PeriphResetCmd                   0x080024bd   Thumb Code    26  stm32f10x_rcc.o(i.RCC_APB2PeriphResetCmd)
    RCC_GetClocksFreq                        0x080024dd   Thumb Code   190  stm32f10x_rcc.o(i.RCC_GetClocksFreq)
    SPI_Cmd                                  0x080025b5   Thumb Code    24  stm32f10x_spi.o(i.SPI_Cmd)
    SPI_I2S_GetFlagStatus                    0x080025cd   Thumb Code    18  stm32f10x_spi.o(i.SPI_I2S_GetFlagStatus)
    SPI_I2S_ReceiveData                      0x080025df   Thumb Code     6  stm32f10x_spi.o(i.SPI_I2S_ReceiveData)
    SPI_I2S_SendData                         0x080025e5   Thumb Code     4  stm32f10x_spi.o(i.SPI_I2S_SendData)
    SPI_Init                                 0x080025e9   Thumb Code    60  stm32f10x_spi.o(i.SPI_Init)
    SVC_Handler                              0x08002625   Thumb Code     2  stm32f10x_it.o(i.SVC_Handler)
    SysTick_CLKSourceConfig                  0x080026e9   Thumb Code    40  misc.o(i.SysTick_CLKSourceConfig)
    SysTick_Handler                          0x08002711   Thumb Code     2  stm32f10x_it.o(i.SysTick_Handler)
    SystemInit                               0x08002715   Thumb Code    82  system_stm32f10x.o(i.SystemInit)
    USART1_IRQHandler                        0x08002779   Thumb Code    40  usart.o(i.USART1_IRQHandler)
    USART2_IRQHandler                        0x080027ad   Thumb Code   122  usart.o(i.USART2_IRQHandler)
    USART3_IRQHandler                        0x08002839   Thumb Code    56  usart.o(i.USART3_IRQHandler)
    USART_Cmd                                0x0800287d   Thumb Code    24  stm32f10x_usart.o(i.USART_Cmd)
    USART_DeInit                             0x08002895   Thumb Code   134  stm32f10x_usart.o(i.USART_DeInit)
    USART_GetFlagStatus                      0x08002931   Thumb Code    26  stm32f10x_usart.o(i.USART_GetFlagStatus)
    USART_GetITStatus                        0x0800294b   Thumb Code    84  stm32f10x_usart.o(i.USART_GetITStatus)
    USART_ITConfig                           0x0800299f   Thumb Code    74  stm32f10x_usart.o(i.USART_ITConfig)
    USART_Init                               0x080029e9   Thumb Code   210  stm32f10x_usart.o(i.USART_Init)
    USART_ReceiveData                        0x08002ac1   Thumb Code    10  stm32f10x_usart.o(i.USART_ReceiveData)
    USART_SendData                           0x08002acb   Thumb Code     8  stm32f10x_usart.o(i.USART_SendData)
    Uart3_SendStr                            0x08002ad5   Thumb Code    34  usart.o(i.Uart3_SendStr)
    UsageFault_Handler                       0x08002afd   Thumb Code     4  stm32f10x_it.o(i.UsageFault_Handler)
    Usart_SendStr_length                     0x08002b1f   Thumb Code    32  usart.o(i.Usart_SendStr_length)
    __mathlib_dbl_overflow                   0x08002b3f   Thumb Code    14  dunder.o(i.__mathlib_dbl_overflow)
    __mathlib_dbl_underflow                  0x08002b4d   Thumb Code    10  dunder.o(i.__mathlib_dbl_underflow)
    __mathlib_narrow                         0x08002b5d   Thumb Code    16  narrow.o(i.__mathlib_narrow)
    __mathlib_tofloat                        0x08002b6d   Thumb Code   132  narrow.o(i.__mathlib_tofloat)
    __support_ldexp                          0x08002bf5   Thumb Code    22  ldexp.o(i.__support_ldexp)
    _is_digit                                0x08002c0b   Thumb Code    14  __printf_wp.o(i._is_digit)
    _sys_exit                                0x08002c19   Thumb Code     6  usart.o(i._sys_exit)
    agps_init                                0x08002c21   Thumb Code   746  sim868.o(i.agps_init)
    atof                                     0x08002ff1   Thumb Code    42  atof.o(i.atof)
    bt_extract_recevied_data                 0x0800301d   Thumb Code    94  sim868.o(i.bt_extract_recevied_data)
    bt_function_selection                    0x08003085   Thumb Code    36  main.o(i.bt_function_selection)
    bt_recevied_data_process                 0x080030b9   Thumb Code    54  main.o(i.bt_recevied_data_process)
    bt_send_data                             0x080030f1   Thumb Code    66  sim868.o(i.bt_send_data)
    close_file                               0x08003221   Thumb Code    78  main.o(i.close_file)
    clust2sect                               0x080032a1   Thumb Code    26  ff.o(i.clust2sect)
    cpn_fill                                 0x080032bb   Thumb Code    20  gps.o(i.cpn_fill)
    crc_16                                   0x080032d1   Thumb Code    64  crc16.o(i.crc_16)
    crc_fill                                 0x08003319   Thumb Code    28  gps.o(i.crc_fill)
    data_init                                0x08003565   Thumb Code    22  gps.o(i.data_init)
    data_recevied_flag                       0x0800357d   Thumb Code    26  sim868.o(i.data_recevied_flag)
    delay_init                               0x080035a9   Thumb Code    50  delay.o(i.delay_init)
    delay_ms                                 0x080035ed   Thumb Code    72  delay.o(i.delay_ms)
    direction_fill                           0x0800394b   Thumb Code    50  gps.o(i.direction_fill)
    disk_initialize                          0x0800397d   Thumb Code    46  diskio.o(i.disk_initialize)
    disk_ioctl                               0x080039ab   Thumb Code    76  diskio.o(i.disk_ioctl)
    disk_read                                0x080039f7   Thumb Code    68  diskio.o(i.disk_read)
    disk_status                              0x08003a3b   Thumb Code     6  diskio.o(i.disk_status)
    disk_write                               0x08003a41   Thumb Code    40  diskio.o(i.disk_write)
    elevation_fill                           0x08003a69   Thumb Code    64  gps.o(i.elevation_fill)
    exti0_init                               0x08003aad   Thumb Code    72  exti.o(i.exti0_init)
    f_close                                  0x08003af5   Thumb Code    32  ff.o(i.f_close)
    f_closedir                               0x08003b15   Thumb Code    22  ff.o(i.f_closedir)
    f_mkdir                                  0x08003b2d   Thumb Code   348  ff.o(i.f_mkdir)
    f_mount                                  0x08003c8d   Thumb Code    86  ff.o(i.f_mount)
    f_open                                   0x08003ce9   Thumb Code   354  ff.o(i.f_open)
    f_opendir                                0x08003e51   Thumb Code   110  ff.o(i.f_opendir)
    f_read                                   0x08003ebf   Thumb Code   432  ff.o(i.f_read)
    f_readdir                                0x0800406f   Thumb Code    88  ff.o(i.f_readdir)
    f_sync                                   0x080040c9   Thumb Code   172  ff.o(i.f_sync)
    f_write                                  0x08004179   Thumb Code   490  ff.o(i.f_write)
    fputc                                    0x0800477d   Thumb Code    24  usart.o(i.fputc)
    frexp                                    0x08004799   Thumb Code    80  frexp.o(i.frexp)
    get_fat                                  0x080047f1   Thumb Code   242  ff.o(i.get_fat)
    get_file                                 0x080048e3   Thumb Code    84  main.o(i.get_file)
    get_list                                 0x080049f1   Thumb Code    74  main.o(i.get_list)
    gps_buf_extract                          0x08004a41   Thumb Code   140  gps.o(i.gps_buf_extract)
    gps_extract                              0x08004ad5   Thumb Code   126  gps.o(i.gps_extract)
    gps_single_data_clean                    0x08004b59   Thumb Code    24  gps.o(i.gps_single_data_clean)
    group_package                            0x08004b71   Thumb Code   198  main.o(i.group_package)
    id_fill                                  0x08004c55   Thumb Code    20  gps.o(i.id_fill)
    is_leap_time                             0x08004cb5   Thumb Code    58  gps.o(i.is_leap_time)
    key_init                                 0x08004cef   Thumb Code    12  key.o(i.key_init)
    key_off                                  0x08004cfd   Thumb Code    12  key.o(i.key_off)
    key_on                                   0x08004d0d   Thumb Code    88  key.o(i.key_on)
    latitude_fill                            0x08004d71   Thumb Code   234  gps.o(i.latitude_fill)
    ldexp                                    0x08004e89   Thumb Code   116  ldexp.o(i.ldexp)
    led_init                                 0x08004f8d   Thumb Code    12  led.o(i.led_init)
    led_off                                  0x08004f99   Thumb Code    86  led.o(i.led_off)
    led_on                                   0x08004ff9   Thumb Code    86  led.o(i.led_on)
    longitude_fill                           0x08005059   Thumb Code   280  gps.o(i.longitude_fill)
    main                                     0x0800517d   Thumb Code   518  main.o(i.main)
    npt_extract                              0x08005499   Thumb Code   280  main.o(i.npt_extract)
    ntp_init                                 0x080055c1   Thumb Code   876  sim868.o(i.ntp_init)
    o_finddir                                0x08005a6d   Thumb Code    96  main.o(i.o_finddir)
    open_file                                0x08005acd   Thumb Code    88  main.o(i.open_file)
    other_fill                               0x08005b45   Thumb Code     8  gps.o(i.other_fill)
    put_fat                                  0x08005c39   Thumb Code   322  ff.o(i.put_fat)
    reg_fill                                 0x08005d7b   Thumb Code    20  gps.o(i.reg_fill)
    sd_getCSD                                0x08005dfb   Thumb Code    40  sd.o(i.sd_getCSD)
    sd_getResponse                           0x08005e23   Thumb Code    38  sd.o(i.sd_getResponse)
    sd_getSector                             0x08005e49   Thumb Code   132  sd.o(i.sd_getSector)
    sd_init                                  0x08005ecd   Thumb Code   394  sd.o(i.sd_init)
    sd_read                                  0x08006061   Thumb Code   108  sd.o(i.sd_read)
    sd_readWrite                             0x080060d1   Thumb Code    12  sd.o(i.sd_readWrite)
    sd_recvData                              0x080060dd   Thumb Code    56  sd.o(i.sd_recvData)
    sd_sendBlock                             0x08006115   Thumb Code    86  sd.o(i.sd_sendBlock)
    sd_sendCmd                               0x0800616b   Thumb Code   118  sd.o(i.sd_sendCmd)
    sd_speedHigh                             0x080061e1   Thumb Code    10  sd.o(i.sd_speedHigh)
    sd_speedLow                              0x080061eb   Thumb Code    10  sd.o(i.sd_speedLow)
    sd_waitReady                             0x080061f5   Thumb Code    32  sd.o(i.sd_waitReady)
    sd_write                                 0x08006215   Thumb Code   136  sd.o(i.sd_write)
    speed_fill                               0x080062a1   Thumb Code    84  gps.o(i.speed_fill)
    spi1_init                                0x080062fd   Thumb Code   222  spi.o(i.spi1_init)
    spi1_readWriteByte                       0x080063f1   Thumb Code    78  spi.o(i.spi1_readWriteByte)
    spi1_setSpeed                            0x08006445   Thumb Code    26  spi.o(i.spi1_setSpeed)
    start                                    0x08006479   Thumb Code    92  main.o(i.start)
    stop                                     0x080064e1   Thumb Code    92  main.o(i.stop)
    time_fill                                0x08006665   Thumb Code   688  gps.o(i.time_fill)
    uart1_init                               0x0800692d   Thumb Code   152  usart.o(i.uart1_init)
    uart2_init                               0x080069cd   Thumb Code   162  usart.o(i.uart2_init)
    uart3_init                               0x08006a79   Thumb Code   152  usart.o(i.uart3_init)
    write_file                               0x08006b4f   Thumb Code    32  main.o(i.write_file)
    _get_lc_numeric                          0x08006b71   Thumb Code    44  lc_numeric_c.o(locale$$code)
    _get_lc_ctype                            0x08006b9d   Thumb Code    44  lc_ctype_c.o(locale$$code)
    __aeabi_d2f                              0x08006bc9   Thumb Code     0  d2f.o(x$fpl$d2f)
    _d2f                                     0x08006bc9   Thumb Code    98  d2f.o(x$fpl$d2f)
    __fpl_dcheck_NaN1                        0x08006c2d   Thumb Code    10  dcheck1.o(x$fpl$dcheck1)
    __fpl_dcmp_Inf                           0x08006c3d   Thumb Code    24  dcmpi.o(x$fpl$dcmpinf)
    __aeabi_cdcmpeq                          0x08006c55   Thumb Code     0  deqf.o(x$fpl$deqf)
    _dcmpeq                                  0x08006c55   Thumb Code   120  deqf.o(x$fpl$deqf)
    __aeabi_cdcmple                          0x08006ccd   Thumb Code     0  dleqf.o(x$fpl$dleqf)
    _dcmple                                  0x08006ccd   Thumb Code   120  dleqf.o(x$fpl$dleqf)
    __fpl_dcmple_InfNaN                      0x08006d2f   Thumb Code     0  dleqf.o(x$fpl$dleqf)
    __aeabi_dmul                             0x08006d45   Thumb Code     0  dmul.o(x$fpl$dmul)
    _dmul                                    0x08006d45   Thumb Code   332  dmul.o(x$fpl$dmul)
    __fpl_dnaninf                            0x08006e99   Thumb Code   156  dnaninf.o(x$fpl$dnaninf)
    __fpl_dretinf                            0x08006f35   Thumb Code    12  dretinf.o(x$fpl$dretinf)
    __aeabi_cdrcmple                         0x08006f41   Thumb Code     0  drleqf.o(x$fpl$drleqf)
    _drcmple                                 0x08006f41   Thumb Code   108  drleqf.o(x$fpl$drleqf)
    __aeabi_f2d                              0x08006fad   Thumb Code     0  f2d.o(x$fpl$f2d)
    _f2d                                     0x08006fad   Thumb Code    86  f2d.o(x$fpl$f2d)
    __aeabi_fadd                             0x08007005   Thumb Code     0  faddsub_clz.o(x$fpl$fadd)
    _fadd                                    0x08007005   Thumb Code   196  faddsub_clz.o(x$fpl$fadd)
    __aeabi_fdiv                             0x080070c9   Thumb Code     0  fdiv.o(x$fpl$fdiv)
    _fdiv                                    0x080070c9   Thumb Code   384  fdiv.o(x$fpl$fdiv)
    __aeabi_f2iz                             0x0800724d   Thumb Code     0  ffix.o(x$fpl$ffix)
    _ffix                                    0x0800724d   Thumb Code    54  ffix.o(x$fpl$ffix)
    __aeabi_f2uiz                            0x08007285   Thumb Code     0  ffixu.o(x$fpl$ffixu)
    _ffixu                                   0x08007285   Thumb Code    62  ffixu.o(x$fpl$ffixu)
    __aeabi_i2f                              0x080072c5   Thumb Code     0  fflt_clz.o(x$fpl$fflt)
    _fflt                                    0x080072c5   Thumb Code    48  fflt_clz.o(x$fpl$fflt)
    __aeabi_fmul                             0x080072f5   Thumb Code     0  fmul.o(x$fpl$fmul)
    _fmul                                    0x080072f5   Thumb Code   258  fmul.o(x$fpl$fmul)
    __fpl_fnaninf                            0x080073f7   Thumb Code   140  fnaninf.o(x$fpl$fnaninf)
    __fpl_fretinf                            0x08007483   Thumb Code    10  fretinf.o(x$fpl$fretinf)
    __aeabi_fsub                             0x0800748d   Thumb Code     0  faddsub_clz.o(x$fpl$fsub)
    _fsub                                    0x0800748d   Thumb Code   234  faddsub_clz.o(x$fpl$fsub)
    __aeabi_f2ulz                            0x08007579   Thumb Code     0  ffixull.o(x$fpl$llufromf)
    _ll_ufrom_f                              0x08007579   Thumb Code    92  ffixull.o(x$fpl$llufromf)
    __fpl_return_NaN                         0x080075d5   Thumb Code   100  retnan.o(x$fpl$retnan)
    __ARM_scalbn                             0x08007639   Thumb Code    92  scalbn.o(x$fpl$scalbn)
    _scanf_real                              0x08007695   Thumb Code     4  scanf1.o(x$fpl$scanf1)
    _scanf_hex_real                          0x08007699   Thumb Code     4  scanf2.o(x$fpl$scanf2)
    _scanf_infnan                            0x0800769d   Thumb Code     4  scanf2.o(x$fpl$scanf2)
    __fpl_cmpreturn                          0x080076a1   Thumb Code    48  trapv.o(x$fpl$trapveneer)
    __I$use$fp                               0x080076d0   Number         0  usenofp.o(x$fpl$usenofp)
    mon_table                                0x08007734   Data          12  gps.o(.constdata)
    Region$$Table$$Base                      0x08007890   Number         0  anon$$obj.o(Region$$Table)
    Region$$Table$$Limit                     0x080078b0   Number         0  anon$$obj.o(Region$$Table)
    __aeabi_HUGE_VAL                         0x080078b0   Data           0  fpconst.o(c$$dinf)
    __aeabi_HUGE_VALL                        0x080078b0   Data           0  fpconst.o(c$$dinf)
    __aeabi_INFINITY                         0x080078b0   Data           0  fpconst.o(c$$dinf)
    __dInf                                   0x080078b0   Data           0  fpconst.o(c$$dinf)
    __huge_val                               0x080078b0   Data           0  fpconst.o(c$$dinf)
    __ctype                                  0x080078e1   Data           0  lc_ctype_c.o(locale$$data)
    flightflag                               0x20000000   Data           4  main.o(.data)
    mode                                     0x20000004   Data           1  main.o(.data)
    reg                                      0x20000005   Data          16  main.o(.data)
    cpn                                      0x20000015   Data          16  main.o(.data)
    id                                       0x20000025   Data          16  main.o(.data)
    path0                                    0x20000035   Data           3  main.o(.data)
    path1                                    0x20000038   Data           7  main.o(.data)
    mkpath2                                  0x2000003f   Data          10  main.o(.data)
    rwpath2                                  0x20000049   Data           3  main.o(.data)
    name                                     0x2000004c   Data          16  main.o(.data)
    SystemCoreClock                          0x20000064   Data           4  system_stm32f10x.o(.data)
    AHBPrescTable                            0x20000068   Data          16  system_stm32f10x.o(.data)
    __stdout                                 0x2000007c   Data           4  usart.o(.data)
    RxCounter1                               0x20000080   Data           1  usart.o(.data)
    TxCounter1                               0x20000081   Data           1  usart.o(.data)
    RxCounter2                               0x20000084   Data           4  usart.o(.data)
    gpsDataFlag                              0x20000088   Data           4  usart.o(.data)
    RxCounter3                               0x2000008c   Data           4  usart.o(.data)
    Readystrx                                0x20000094   Data           4  sim868.o(.data)
    sd_type                                  0x20000098   Data           1  sd.o(.data)
    npt                                      0x200000b8   Data          20  main.o(.bss)
    npt_time                                 0x200000cc   Data          48  main.o(.bss)
    data                                     0x200000fc   Data          80  main.o(.bss)
    btrevdata                                0x2000014c   Data          32  main.o(.bss)
    btcmd                                    0x2000016c   Data          16  main.o(.bss)
    btdata                                   0x2000017c   Data          16  main.o(.bss)
    GpsData                                  0x2000018c   Data        1024  main.o(.bss)
    GPRMC                                    0x2000058c   Data         128  main.o(.bss)
    GPGGA                                    0x2000060c   Data         128  main.o(.bss)
    gps_single_data                          0x2000068c   Data          28  main.o(.bss)
    tim                                      0x200006a8   Data          40  main.o(.bss)
    RxBuffer1                                0x200006d0   Data         256  usart.o(.bss)
    TxBuffer1                                0x200007d0   Data         256  usart.o(.bss)
    RxBuffer2                                0x200008d0   Data        1359  usart.o(.bss)
    RxBuffer3                                0x20000e1f   Data         256  usart.o(.bss)
    SPI_InitStructure                        0x20000f20   Data          18  spi.o(.bss)
    __libspace_start                         0x20001134   Data          96  libspace.o(.bss)
    __temporary_stack_top$libspace           0x20001194   Data           0  libspace.o(.bss)



==============================================================================

Memory Map of the image

  Image Entry point : 0x08000121

  Load Region LR_IROM1 (Base: 0x08000000, Size: 0x00007a9c, Max: 0x00010000, ABSOLUTE)

    Execution Region ER_IROM1 (Base: 0x08000000, Size: 0x000079e4, Max: 0x00010000, ABSOLUTE)

    Base Addr    Size         Type   Attr      Idx    E Section Name        Object

    0x08000000   0x00000120   Data   RO          348    RESET               startup_stm32f10x_md_vl.o
    0x08000120   0x00000008   Code   RO         4499  * !!!main             c_w.l(__main.o)
    0x08000128   0x00000034   Code   RO         4962    !!!scatter          c_w.l(__scatter.o)
    0x0800015c   0x0000001a   Code   RO         4964    !!handler_copy      c_w.l(__scatter_copy.o)
    0x08000176   0x00000002   PAD
    0x08000178   0x0000001c   Code   RO         4966    !!handler_zi        c_w.l(__scatter_zi.o)
    0x08000194   0x00000000   Code   RO         4636    .ARM.Collect$$_printf_percent$$00000000  c_w.l(_printf_percent.o)
    0x08000194   0x00000004   Code   RO         4697    .ARM.Collect$$_printf_percent$$00000017  c_w.l(_printf_percent_end.o)
    0x08000198   0x00000002   Code   RO         4761    .ARM.Collect$$libinit$$00000000  c_w.l(libinit.o)
    0x0800019a   0x00000000   Code   RO         4763    .ARM.Collect$$libinit$$00000002  c_w.l(libinit2.o)
    0x0800019a   0x00000000   Code   RO         4765    .ARM.Collect$$libinit$$00000004  c_w.l(libinit2.o)
    0x0800019a   0x00000000   Code   RO         4768    .ARM.Collect$$libinit$$0000000A  c_w.l(libinit2.o)
    0x0800019a   0x00000000   Code   RO         4770    .ARM.Collect$$libinit$$0000000C  c_w.l(libinit2.o)
    0x0800019a   0x00000000   Code   RO         4772    .ARM.Collect$$libinit$$0000000E  c_w.l(libinit2.o)
    0x0800019a   0x00000006   Code   RO         4773    .ARM.Collect$$libinit$$0000000F  c_w.l(libinit2.o)
    0x080001a0   0x00000000   Code   RO         4775    .ARM.Collect$$libinit$$00000011  c_w.l(libinit2.o)
    0x080001a0   0x0000000c   Code   RO         4776    .ARM.Collect$$libinit$$00000012  c_w.l(libinit2.o)
    0x080001ac   0x00000000   Code   RO         4777    .ARM.Collect$$libinit$$00000013  c_w.l(libinit2.o)
    0x080001ac   0x00000000   Code   RO         4779    .ARM.Collect$$libinit$$00000015  c_w.l(libinit2.o)
    0x080001ac   0x0000000a   Code   RO         4780    .ARM.Collect$$libinit$$00000016  c_w.l(libinit2.o)
    0x080001b6   0x00000000   Code   RO         4781    .ARM.Collect$$libinit$$00000017  c_w.l(libinit2.o)
    0x080001b6   0x00000000   Code   RO         4783    .ARM.Collect$$libinit$$00000019  c_w.l(libinit2.o)
    0x080001b6   0x00000000   Code   RO         4785    .ARM.Collect$$libinit$$0000001B  c_w.l(libinit2.o)
    0x080001b6   0x00000000   Code   RO         4787    .ARM.Collect$$libinit$$0000001D  c_w.l(libinit2.o)
    0x080001b6   0x00000000   Code   RO         4789    .ARM.Collect$$libinit$$0000001F  c_w.l(libinit2.o)
    0x080001b6   0x00000000   Code   RO         4791    .ARM.Collect$$libinit$$00000021  c_w.l(libinit2.o)
    0x080001b6   0x00000000   Code   RO         4793    .ARM.Collect$$libinit$$00000023  c_w.l(libinit2.o)
    0x080001b6   0x00000000   Code   RO         4795    .ARM.Collect$$libinit$$00000025  c_w.l(libinit2.o)
    0x080001b6   0x00000000   Code   RO         4799    .ARM.Collect$$libinit$$0000002C  c_w.l(libinit2.o)
    0x080001b6   0x00000000   Code   RO         4801    .ARM.Collect$$libinit$$0000002E  c_w.l(libinit2.o)
    0x080001b6   0x00000000   Code   RO         4803    .ARM.Collect$$libinit$$00000030  c_w.l(libinit2.o)
    0x080001b6   0x00000000   Code   RO         4805    .ARM.Collect$$libinit$$00000032  c_w.l(libinit2.o)
    0x080001b6   0x00000002   Code   RO         4806    .ARM.Collect$$libinit$$00000033  c_w.l(libinit2.o)
    0x080001b8   0x00000002   Code   RO         4865    .ARM.Collect$$libshutdown$$00000000  c_w.l(libshutdown.o)
    0x080001ba   0x00000000   Code   RO         4890    .ARM.Collect$$libshutdown$$00000002  c_w.l(libshutdown2.o)
    0x080001ba   0x00000000   Code   RO         4892    .ARM.Collect$$libshutdown$$00000004  c_w.l(libshutdown2.o)
    0x080001ba   0x00000000   Code   RO         4895    .ARM.Collect$$libshutdown$$00000007  c_w.l(libshutdown2.o)
    0x080001ba   0x00000000   Code   RO         4898    .ARM.Collect$$libshutdown$$0000000A  c_w.l(libshutdown2.o)
    0x080001ba   0x00000000   Code   RO         4900    .ARM.Collect$$libshutdown$$0000000C  c_w.l(libshutdown2.o)
    0x080001ba   0x00000000   Code   RO         4903    .ARM.Collect$$libshutdown$$0000000F  c_w.l(libshutdown2.o)
    0x080001ba   0x00000002   Code   RO         4904    .ARM.Collect$$libshutdown$$00000010  c_w.l(libshutdown2.o)
    0x080001bc   0x00000000   Code   RO         4545    .ARM.Collect$$rtentry$$00000000  c_w.l(__rtentry.o)
    0x080001bc   0x00000000   Code   RO         4667    .ARM.Collect$$rtentry$$00000002  c_w.l(__rtentry2.o)
    0x080001bc   0x00000006   Code   RO         4679    .ARM.Collect$$rtentry$$00000004  c_w.l(__rtentry4.o)
    0x080001c2   0x00000000   Code   RO         4669    .ARM.Collect$$rtentry$$00000009  c_w.l(__rtentry2.o)
    0x080001c2   0x00000004   Code   RO         4670    .ARM.Collect$$rtentry$$0000000A  c_w.l(__rtentry2.o)
    0x080001c6   0x00000000   Code   RO         4672    .ARM.Collect$$rtentry$$0000000C  c_w.l(__rtentry2.o)
    0x080001c6   0x00000008   Code   RO         4673    .ARM.Collect$$rtentry$$0000000D  c_w.l(__rtentry2.o)
    0x080001ce   0x00000002   Code   RO         4811    .ARM.Collect$$rtexit$$00000000  c_w.l(rtexit.o)
    0x080001d0   0x00000000   Code   RO         4833    .ARM.Collect$$rtexit$$00000002  c_w.l(rtexit2.o)
    0x080001d0   0x00000004   Code   RO         4834    .ARM.Collect$$rtexit$$00000003  c_w.l(rtexit2.o)
    0x080001d4   0x00000006   Code   RO         4835    .ARM.Collect$$rtexit$$00000004  c_w.l(rtexit2.o)
    0x080001da   0x00000002   PAD
    0x080001dc   0x00000040   Code   RO          349    .text               startup_stm32f10x_md_vl.o
    0x0800021c   0x00000002   Code   RO         4479    .text               c_w.l(use_no_semi_2.o)
    0x0800021e   0x00000002   PAD
    0x08000220   0x00000018   Code   RO         4483    .text               c_w.l(__2printf.o)
    0x08000238   0x0000001a   Code   RO         4487    .text               c_w.l(atoi.o)
    0x08000252   0x00000024   Code   RO         4489    .text               c_w.l(strstr.o)
    0x08000276   0x00000064   Code   RO         4493    .text               c_w.l(rt_memcpy_w.o)
    0x080002da   0x00000002   PAD
    0x080002dc   0x00000080   Code   RO         4495    .text               c_w.l(strcmpv7m.o)
    0x0800035c   0x00000006   Code   RO         4497    .text               c_w.l(heapauxi.o)
    0x08000362   0x00000002   Code   RO         4543    .text               c_w.l(use_no_semi.o)
    0x08000364   0x00000008   Code   RO         4549    .text               c_w.l(rt_errno_addr_intlibspace.o)
    0x0800036c   0x00000016   Code   RO         4551    .text               c_w.l(_rserrno.o)
    0x08000382   0x00000002   PAD
    0x08000384   0x00000030   Code   RO         4565    .text               c_w.l(_printf_char_common.o)
    0x080003b4   0x00000024   Code   RO         4569    .text               c_w.l(_printf_char_file.o)
    0x080003d8   0x00000188   Code   RO         4620    .text               c_w.l(__printf_flags_ss_wp.o)
    0x08000560   0x000000a0   Code   RO         4646    .text               c_w.l(strtod.o)
    0x08000600   0x00000070   Code   RO         4648    .text               c_w.l(strtol.o)
    0x08000670   0x00000008   Code   RO         4663    .text               c_w.l(libspace.o)
    0x08000678   0x00000010   Code   RO         4681    .text               c_w.l(rt_ctype_table.o)
    0x08000688   0x00000012   Code   RO         4685    .text               c_w.l(isspace.o)
    0x0800069a   0x00000040   Code   RO         4698    .text               c_w.l(_sgetc.o)
    0x080006da   0x0000009e   Code   RO         4700    .text               c_w.l(_strtoul.o)
    0x08000778   0x00000008   Code   RO         4702    .text               c_w.l(ferror.o)
    0x08000780   0x0000004a   Code   RO         4713    .text               c_w.l(sys_stackheap_outer.o)
    0x080007ca   0x00000002   PAD
    0x080007cc   0x00000008   Code   RO         4718    .text               c_w.l(rt_locale_intlibspace.o)
    0x080007d4   0x0000001c   Code   RO         4722    .text               c_w.l(_chval.o)
    0x080007f0   0x000004a4   Code   RO         4724    .text               c_w.l(scanf_fp.o)
    0x08000c94   0x000000dc   Code   RO         4726    .text               c_w.l(bigflt0.o)
    0x08000d70   0x00000012   Code   RO         4754    .text               c_w.l(exit.o)
    0x08000d82   0x00000002   PAD
    0x08000d84   0x00000318   Code   RO         4839    .text               c_w.l(scanf_hexfp.o)
    0x0800109c   0x00000134   Code   RO         4841    .text               c_w.l(scanf_infnan.o)
    0x080011d0   0x00000026   Code   RO         4857    .text               c_w.l(llshl.o)
    0x080011f6   0x00000338   Code   RO         4739    CL$$btod_div_common  c_w.l(btod.o)
    0x0800152e   0x00000002   PAD
    0x08001530   0x00000054   Code   RO         4737    CL$$btod_e2d        c_w.l(btod.o)
    0x08001584   0x000000c6   Code   RO         4736    CL$$btod_e2e        c_w.l(btod.o)
    0x0800164a   0x00000028   Code   RO         4733    CL$$btod_ediv       c_w.l(btod.o)
    0x08001672   0x00000028   Code   RO         4735    CL$$btod_edivd      c_w.l(btod.o)
    0x0800169a   0x00000028   Code   RO         4732    CL$$btod_emul       c_w.l(btod.o)
    0x080016c2   0x00000028   Code   RO         4734    CL$$btod_emuld      c_w.l(btod.o)
    0x080016ea   0x00000244   Code   RO         4738    CL$$btod_mult_common  c_w.l(btod.o)
    0x0800192e   0x00000002   PAD
    0x08001930   0x000000cc   Code   RO          806    i.BT_connect        sim868.o
    0x080019fc   0x00000090   Code   RO          807    i.BT_init           sim868.o
    0x08001a8c   0x00000004   Code   RO          238    i.BusFault_Handler  stm32f10x_it.o
    0x08001a90   0x00000030   Code   RO          407    i.Clear_Buffer1     usart.o
    0x08001ac0   0x00000002   Code   RO          239    i.DebugMon_Handler  stm32f10x_it.o
    0x08001ac2   0x00000016   Code   RO          582    i.EXTI0_IRQHandler  exti.o
    0x08001ad8   0x0000000c   Code   RO         2302    i.EXTI_ClearITPendingBit  stm32f10x_exti.o
    0x08001ae4   0x00000028   Code   RO         2306    i.EXTI_GetITStatus  stm32f10x_exti.o
    0x08001b0c   0x00000094   Code   RO         2307    i.EXTI_Init         stm32f10x_exti.o
    0x08001ba0   0x00000040   Code   RO         2652    i.GPIO_EXTILineConfig  stm32f10x_gpio.o
    0x08001be0   0x00000116   Code   RO         2655    i.GPIO_Init         stm32f10x_gpio.o
    0x08001cf6   0x00000002   PAD
    0x08001cf8   0x00000090   Code   RO         2657    i.GPIO_PinRemapConfig  stm32f10x_gpio.o
    0x08001d88   0x00000012   Code   RO         2659    i.GPIO_ReadInputDataBit  stm32f10x_gpio.o
    0x08001d9a   0x00000004   Code   RO         2662    i.GPIO_ResetBits    stm32f10x_gpio.o
    0x08001d9e   0x00000004   Code   RO         2663    i.GPIO_SetBits      stm32f10x_gpio.o
    0x08001da2   0x00000002   PAD
    0x08001da4   0x000000a4   Code   RO          808    i.GPS_init          sim868.o
    0x08001e48   0x000004a4   Code   RO          809    i.GSM_init          sim868.o
    0x080022ec   0x00000004   Code   RO          240    i.HardFault_Handler  stm32f10x_it.o
    0x080022f0   0x00000004   Code   RO          241    i.MemManage_Handler  stm32f10x_it.o
    0x080022f4   0x00000002   Code   RO          242    i.NMI_Handler       stm32f10x_it.o
    0x080022f6   0x00000002   PAD
    0x080022f8   0x00000070   Code   RO         1474    i.NVIC_Init         misc.o
    0x08002368   0x00000014   Code   RO         1475    i.NVIC_PriorityGroupConfig  misc.o
    0x0800237c   0x000000dc   Code   RO          810    i.OPEN_SIM868       sim868.o
    0x08002458   0x00000002   Code   RO          243    i.PendSV_Handler    stm32f10x_it.o
    0x0800245a   0x00000002   PAD
    0x0800245c   0x00000020   Code   RO         3071    i.RCC_APB1PeriphClockCmd  stm32f10x_rcc.o
    0x0800247c   0x00000020   Code   RO         3072    i.RCC_APB1PeriphResetCmd  stm32f10x_rcc.o
    0x0800249c   0x00000020   Code   RO         3073    i.RCC_APB2PeriphClockCmd  stm32f10x_rcc.o
    0x080024bc   0x00000020   Code   RO         3074    i.RCC_APB2PeriphResetCmd  stm32f10x_rcc.o
    0x080024dc   0x000000d8   Code   RO         3081    i.RCC_GetClocksFreq  stm32f10x_rcc.o
    0x080025b4   0x00000018   Code   RO         3556    i.SPI_Cmd           stm32f10x_spi.o
    0x080025cc   0x00000012   Code   RO         3564    i.SPI_I2S_GetFlagStatus  stm32f10x_spi.o
    0x080025de   0x00000006   Code   RO         3567    i.SPI_I2S_ReceiveData  stm32f10x_spi.o
    0x080025e4   0x00000004   Code   RO         3568    i.SPI_I2S_SendData  stm32f10x_spi.o
    0x080025e8   0x0000003c   Code   RO         3569    i.SPI_Init          stm32f10x_spi.o
    0x08002624   0x00000002   Code   RO          244    i.SVC_Handler       stm32f10x_it.o
    0x08002626   0x00000008   Code   RO          301    i.SetSysClock       system_stm32f10x.o
    0x0800262e   0x00000002   PAD
    0x08002630   0x000000b8   Code   RO          302    i.SetSysClockTo24   system_stm32f10x.o
    0x080026e8   0x00000028   Code   RO         1478    i.SysTick_CLKSourceConfig  misc.o
    0x08002710   0x00000002   Code   RO          245    i.SysTick_Handler   stm32f10x_it.o
    0x08002712   0x00000002   PAD
    0x08002714   0x00000064   Code   RO          304    i.SystemInit        system_stm32f10x.o
    0x08002778   0x00000034   Code   RO          410    i.USART1_IRQHandler  usart.o
    0x080027ac   0x0000008c   Code   RO          411    i.USART2_IRQHandler  usart.o
    0x08002838   0x00000044   Code   RO          412    i.USART3_IRQHandler  usart.o
    0x0800287c   0x00000018   Code   RO         4247    i.USART_Cmd         stm32f10x_usart.o
    0x08002894   0x0000009c   Code   RO         4249    i.USART_DeInit      stm32f10x_usart.o
    0x08002930   0x0000001a   Code   RO         4250    i.USART_GetFlagStatus  stm32f10x_usart.o
    0x0800294a   0x00000054   Code   RO         4251    i.USART_GetITStatus  stm32f10x_usart.o
    0x0800299e   0x0000004a   Code   RO         4253    i.USART_ITConfig    stm32f10x_usart.o
    0x080029e8   0x000000d8   Code   RO         4254    i.USART_Init        stm32f10x_usart.o
    0x08002ac0   0x0000000a   Code   RO         4261    i.USART_ReceiveData  stm32f10x_usart.o
    0x08002aca   0x00000008   Code   RO         4264    i.USART_SendData    stm32f10x_usart.o
    0x08002ad2   0x00000002   PAD
    0x08002ad4   0x00000028   Code   RO          413    i.Uart3_SendStr     usart.o
    0x08002afc   0x00000004   Code   RO          246    i.UsageFault_Handler  stm32f10x_it.o
    0x08002b00   0x0000001e   Code   RO          414    i.Usart_SendByte    usart.o
    0x08002b1e   0x00000020   Code   RO          415    i.Usart_SendStr_length  usart.o
    0x08002b3e   0x0000000e   Code   RO         4911    i.__mathlib_dbl_overflow  m_ws.l(dunder.o)
    0x08002b4c   0x00000010   Code   RO         4913    i.__mathlib_dbl_underflow  m_ws.l(dunder.o)
    0x08002b5c   0x00000010   Code   RO         4826    i.__mathlib_narrow  m_ws.l(narrow.o)
    0x08002b6c   0x00000088   Code   RO         4827    i.__mathlib_tofloat  m_ws.l(narrow.o)
    0x08002bf4   0x00000016   Code   RO         4871    i.__support_ldexp   m_ws.l(ldexp.o)
    0x08002c0a   0x0000000e   Code   RO         4613    i._is_digit         c_w.l(__printf_wp.o)
    0x08002c18   0x00000006   Code   RO          416    i._sys_exit         usart.o
    0x08002c1e   0x00000002   PAD
    0x08002c20   0x000003d0   Code   RO          811    i.agps_init         sim868.o
    0x08002ff0   0x0000002a   Code   RO         4540    i.atof              m_ws.l(atof.o)
    0x0800301a   0x00000002   PAD
    0x0800301c   0x00000068   Code   RO          812    i.bt_extract_recevied_data  sim868.o
    0x08003084   0x00000034   Code   RO            1    i.bt_function_selection  main.o
    0x080030b8   0x00000036   Code   RO            2    i.bt_recevied_data_process  main.o
    0x080030ee   0x00000002   PAD
    0x080030f0   0x00000058   Code   RO          813    i.bt_send_data      sim868.o
    0x08003148   0x00000090   Code   RO         1159    i.check_fs          ff.o
    0x080031d8   0x00000014   Code   RO         1160    i.chk_chr           ff.o
    0x080031ec   0x00000032   Code   RO         1161    i.clmt_clust        ff.o
    0x0800321e   0x00000002   PAD
    0x08003220   0x00000080   Code   RO            4    i.close_file        main.o
    0x080032a0   0x0000001a   Code   RO         1162    i.clust2sect        ff.o
    0x080032ba   0x00000014   Code   RO          680    i.cpn_fill          gps.o
    0x080032ce   0x00000002   PAD
    0x080032d0   0x00000048   Code   RO          639    i.crc_16            crc16.o
    0x08003318   0x0000001c   Code   RO          681    i.crc_fill          gps.o
    0x08003334   0x000000d6   Code   RO         1163    i.create_chain      ff.o
    0x0800340a   0x00000002   PAD
    0x0800340c   0x00000158   Code   RO         1164    i.create_name       ff.o
    0x08003564   0x00000016   Code   RO          683    i.data_init         gps.o
    0x0800357a   0x00000002   PAD
    0x0800357c   0x0000002c   Code   RO          814    i.data_recevied_flag  sim868.o
    0x080035a8   0x00000044   Code   RO          353    i.delay_init        delay.o
    0x080035ec   0x0000004c   Code   RO          354    i.delay_ms          delay.o
    0x08003638   0x0000005c   Code   RO         1165    i.dir_alloc         ff.o
    0x08003694   0x0000005c   Code   RO         1166    i.dir_find          ff.o
    0x080036f0   0x00000110   Code   RO         1167    i.dir_next          ff.o
    0x08003800   0x00000072   Code   RO         1168    i.dir_read          ff.o
    0x08003872   0x0000003a   Code   RO         1169    i.dir_register      ff.o
    0x080038ac   0x0000009e   Code   RO         1171    i.dir_sdi           ff.o
    0x0800394a   0x00000032   Code   RO          685    i.direction_fill    gps.o
    0x0800397c   0x0000002e   Code   RO         1120    i.disk_initialize   diskio.o
    0x080039aa   0x0000004c   Code   RO         1121    i.disk_ioctl        diskio.o
    0x080039f6   0x00000044   Code   RO         1122    i.disk_read         diskio.o
    0x08003a3a   0x00000006   Code   RO         1123    i.disk_status       diskio.o
    0x08003a40   0x00000028   Code   RO         1124    i.disk_write        diskio.o
    0x08003a68   0x00000044   Code   RO          686    i.elevation_fill    gps.o
    0x08003aac   0x00000048   Code   RO          583    i.exti0_init        exti.o
    0x08003af4   0x00000020   Code   RO         1173    i.f_close           ff.o
    0x08003b14   0x00000016   Code   RO         1174    i.f_closedir        ff.o
    0x08003b2a   0x00000002   PAD
    0x08003b2c   0x00000160   Code   RO         1179    i.f_mkdir           ff.o
    0x08003c8c   0x0000005c   Code   RO         1181    i.f_mount           ff.o
    0x08003ce8   0x00000168   Code   RO         1182    i.f_open            ff.o
    0x08003e50   0x0000006e   Code   RO         1183    i.f_opendir         ff.o
    0x08003ebe   0x000001b0   Code   RO         1187    i.f_read            ff.o
    0x0800406e   0x00000058   Code   RO         1188    i.f_readdir         ff.o
    0x080040c6   0x00000002   PAD
    0x080040c8   0x000000b0   Code   RO         1192    i.f_sync            ff.o
    0x08004178   0x000001ea   Code   RO         1196    i.f_write           ff.o
    0x08004362   0x00000002   PAD
    0x08004364   0x00000388   Code   RO         1197    i.find_volume       ff.o
    0x080046ec   0x00000090   Code   RO         1198    i.follow_path       ff.o
    0x0800477c   0x0000001c   Code   RO          417    i.fputc             usart.o
    0x08004798   0x00000058   Code   RO         4850    i.frexp             m_ws.l(frexp.o)
    0x080047f0   0x000000f2   Code   RO         1199    i.get_fat           ff.o
    0x080048e2   0x00000054   Code   RO            5    i.get_file          main.o
    0x08004936   0x00000070   Code   RO         1200    i.get_fileinfo      ff.o
    0x080049a6   0x00000048   Code   RO         1201    i.get_ldnumber      ff.o
    0x080049ee   0x00000002   PAD
    0x080049f0   0x00000050   Code   RO            6    i.get_list          main.o
    0x08004a40   0x00000094   Code   RO          687    i.gps_buf_extract   gps.o
    0x08004ad4   0x00000084   Code   RO          688    i.gps_extract       gps.o
    0x08004b58   0x00000018   Code   RO          689    i.gps_single_data_clean  gps.o
    0x08004b70   0x000000e4   Code   RO            7    i.group_package     main.o
    0x08004c54   0x00000014   Code   RO          691    i.id_fill           gps.o
    0x08004c68   0x0000004c   Code   RO          641    i.init_crc16_tab    crc16.o
    0x08004cb4   0x0000003a   Code   RO          692    i.is_leap_time      gps.o
    0x08004cee   0x0000000c   Code   RO          547    i.key_init          key.o
    0x08004cfa   0x00000002   PAD
    0x08004cfc   0x00000010   Code   RO          548    i.key_off           key.o
    0x08004d0c   0x00000064   Code   RO          549    i.key_on            key.o
    0x08004d70   0x000000f8   Code   RO          693    i.latitude_fill     gps.o
    0x08004e68   0x00000020   Code   RO         1202    i.ld_clust          ff.o
    0x08004e88   0x00000074   Code   RO         4872    i.ldexp             m_ws.l(ldexp.o)
    0x08004efc   0x0000002c   Code   RO          513    i.led1_init         led.o
    0x08004f28   0x00000064   Code   RO          514    i.led234_init       led.o
    0x08004f8c   0x0000000c   Code   RO          515    i.led_init          led.o
    0x08004f98   0x00000060   Code   RO          516    i.led_off           led.o
    0x08004ff8   0x00000060   Code   RO          517    i.led_on            led.o
    0x08005058   0x00000124   Code   RO          694    i.longitude_fill    gps.o
    0x0800517c   0x00000294   Code   RO            8    i.main              main.o
    0x08005410   0x00000026   Code   RO         1203    i.mem_cmp           ff.o
    0x08005436   0x0000001a   Code   RO         1204    i.mem_cpy           ff.o
    0x08005450   0x00000014   Code   RO         1205    i.mem_set           ff.o
    0x08005464   0x00000034   Code   RO         1206    i.move_window       ff.o
    0x08005498   0x00000128   Code   RO            9    i.npt_extract       main.o
    0x080055c0   0x000004ac   Code   RO          815    i.ntp_init          sim868.o
    0x08005a6c   0x00000060   Code   RO           10    i.o_finddir         main.o
    0x08005acc   0x00000078   Code   RO           11    i.open_file         main.o
    0x08005b44   0x00000008   Code   RO          695    i.other_fill        gps.o
    0x08005b4c   0x0000002c   Code   RO          550    i.pa0_init          key.o
    0x08005b78   0x0000002c   Code   RO          816    i.pa5_init          sim868.o
    0x08005ba4   0x00000034   Code   RO          817    i.pb0_init          sim868.o
    0x08005bd8   0x00000034   Code   RO          818    i.pb1_init          sim868.o
    0x08005c0c   0x0000002c   Code   RO          551    i.pb6_init          key.o
    0x08005c38   0x00000142   Code   RO         1207    i.put_fat           ff.o
    0x08005d7a   0x00000014   Code   RO          696    i.reg_fill          gps.o
    0x08005d8e   0x0000006c   Code   RO         1209    i.remove_chain      ff.o
    0x08005dfa   0x00000028   Code   RO         1028    i.sd_getCSD         sd.o
    0x08005e22   0x00000026   Code   RO         1029    i.sd_getResponse    sd.o
    0x08005e48   0x00000084   Code   RO         1030    i.sd_getSector      sd.o
    0x08005ecc   0x00000194   Code   RO         1031    i.sd_init           sd.o
    0x08006060   0x00000070   Code   RO         1032    i.sd_read           sd.o
    0x080060d0   0x0000000c   Code   RO         1033    i.sd_readWrite      sd.o
    0x080060dc   0x00000038   Code   RO         1034    i.sd_recvData       sd.o
    0x08006114   0x00000056   Code   RO         1035    i.sd_sendBlock      sd.o
    0x0800616a   0x00000076   Code   RO         1036    i.sd_sendCmd        sd.o
    0x080061e0   0x0000000a   Code   RO         1037    i.sd_speedHigh      sd.o
    0x080061ea   0x0000000a   Code   RO         1038    i.sd_speedLow       sd.o
    0x080061f4   0x00000020   Code   RO         1039    i.sd_waitReady      sd.o
    0x08006214   0x0000008c   Code   RO         1040    i.sd_write          sd.o
    0x080062a0   0x0000005c   Code   RO          697    i.speed_fill        gps.o
    0x080062fc   0x000000f4   Code   RO          601    i.spi1_init         spi.o
    0x080063f0   0x00000054   Code   RO          602    i.spi1_readWriteByte  spi.o
    0x08006444   0x00000024   Code   RO          603    i.spi1_setSpeed     spi.o
    0x08006468   0x00000010   Code   RO         1210    i.st_clust          ff.o
    0x08006478   0x00000068   Code   RO           12    i.start             main.o
    0x080064e0   0x00000068   Code   RO           13    i.stop              main.o
    0x08006548   0x000000c8   Code   RO         1211    i.sync_fs           ff.o
    0x08006610   0x00000052   Code   RO         1212    i.sync_window       ff.o
    0x08006662   0x00000002   PAD
    0x08006664   0x000002c8   Code   RO          698    i.time_fill         gps.o
    0x0800692c   0x000000a0   Code   RO          419    i.uart1_init        usart.o
    0x080069cc   0x000000ac   Code   RO          420    i.uart2_init        usart.o
    0x08006a78   0x000000a0   Code   RO          421    i.uart3_init        usart.o
    0x08006b18   0x00000036   Code   RO         1213    i.validate          ff.o
    0x08006b4e   0x00000020   Code   RO           14    i.write_file        main.o
    0x08006b6e   0x00000002   PAD
    0x08006b70   0x0000002c   Code   RO         4709    locale$$code        c_w.l(lc_numeric_c.o)
    0x08006b9c   0x0000002c   Code   RO         4752    locale$$code        c_w.l(lc_ctype_c.o)
    0x08006bc8   0x00000062   Code   RO         4501    x$fpl$d2f           fz_ws.l(d2f.o)
    0x08006c2a   0x00000002   PAD
    0x08006c2c   0x00000010   Code   RO         4905    x$fpl$dcheck1       fz_ws.l(dcheck1.o)
    0x08006c3c   0x00000018   Code   RO         4650    x$fpl$dcmpinf       fz_ws.l(dcmpi.o)
    0x08006c54   0x00000078   Code   RO         4503    x$fpl$deqf          fz_ws.l(deqf.o)
    0x08006ccc   0x00000078   Code   RO         4866    x$fpl$dleqf         fz_ws.l(dleqf.o)
    0x08006d44   0x00000154   Code   RO         4505    x$fpl$dmul          fz_ws.l(dmul.o)
    0x08006e98   0x0000009c   Code   RO         4652    x$fpl$dnaninf       fz_ws.l(dnaninf.o)
    0x08006f34   0x0000000c   Code   RO         4654    x$fpl$dretinf       fz_ws.l(dretinf.o)
    0x08006f40   0x0000006c   Code   RO         4847    x$fpl$drleqf        fz_ws.l(drleqf.o)
    0x08006fac   0x00000056   Code   RO         4507    x$fpl$f2d           fz_ws.l(f2d.o)
    0x08007002   0x00000002   PAD
    0x08007004   0x000000c4   Code   RO         4509    x$fpl$fadd          fz_ws.l(faddsub_clz.o)
    0x080070c8   0x00000184   Code   RO         4516    x$fpl$fdiv          fz_ws.l(fdiv.o)
    0x0800724c   0x00000036   Code   RO         4519    x$fpl$ffix          fz_ws.l(ffix.o)
    0x08007282   0x00000002   PAD
    0x08007284   0x0000003e   Code   RO         4523    x$fpl$ffixu         fz_ws.l(ffixu.o)
    0x080072c2   0x00000002   PAD
    0x080072c4   0x00000030   Code   RO         4532    x$fpl$fflt          fz_ws.l(fflt_clz.o)
    0x080072f4   0x00000102   Code   RO         4537    x$fpl$fmul          fz_ws.l(fmul.o)
    0x080073f6   0x0000008c   Code   RO         4656    x$fpl$fnaninf       fz_ws.l(fnaninf.o)
    0x08007482   0x0000000a   Code   RO         4658    x$fpl$fretinf       fz_ws.l(fretinf.o)
    0x0800748c   0x000000ea   Code   RO         4511    x$fpl$fsub          fz_ws.l(faddsub_clz.o)
    0x08007576   0x00000002   PAD
    0x08007578   0x0000005c   Code   RO         4527    x$fpl$llufromf      fz_ws.l(ffixull.o)
    0x080075d4   0x00000064   Code   RO         4936    x$fpl$retnan        fz_ws.l(retnan.o)
    0x08007638   0x0000005c   Code   RO         4868    x$fpl$scalbn        fz_ws.l(scalbn.o)
    0x08007694   0x00000004   Code   RO         4711    x$fpl$scanf1        fz_ws.l(scanf1.o)
    0x08007698   0x00000008   Code   RO         4820    x$fpl$scanf2        fz_ws.l(scanf2.o)
    0x080076a0   0x00000030   Code   RO         4942    x$fpl$trapveneer    fz_ws.l(trapv.o)
    0x080076d0   0x00000000   Code   RO         4662    x$fpl$usenofp       fz_ws.l(usenofp.o)
    0x080076d0   0x00000064   Data   RO           16    .constdata          main.o
    0x08007734   0x0000006c   Data   RO          699    .constdata          gps.o
    0x080077a0   0x00000011   Data   RO         4621    .constdata          c_w.l(__printf_flags_ss_wp.o)
    0x080077b1   0x00000003   PAD
    0x080077b4   0x00000094   Data   RO         4727    .constdata          c_w.l(bigflt0.o)
    0x08007848   0x00000047   Data   RO          820    .conststring        sim868.o
    0x0800788f   0x00000001   PAD
    0x08007890   0x00000020   Data   RO         4960    Region$$Table       anon$$obj.o
    0x080078b0   0x00000008   Data   RO         4815    c$$dinf             fz_ws.l(fpconst.o)
    0x080078b8   0x0000001c   Data   RO         4708    locale$$data        c_w.l(lc_numeric_c.o)
    0x080078d4   0x00000110   Data   RO         4751    locale$$data        c_w.l(lc_ctype_c.o)


    Execution Region RW_IRAM1 (Base: 0x20000000, Size: 0x00001b98, Max: 0x00002000, ABSOLUTE)

    Base Addr    Size         Type   Attr      Idx    E Section Name        Object

    0x20000000   0x00000064   Data   RW           17    .data               main.o
    0x20000064   0x00000014   Data   RW          305    .data               system_stm32f10x.o
    0x20000078   0x00000004   Data   RW          356    .data               delay.o
    0x2000007c   0x00000014   Data   RW          423    .data               usart.o
    0x20000090   0x00000001   Data   RW          644    .data               crc16.o
    0x20000091   0x00000003   PAD
    0x20000094   0x00000004   Data   RW          821    .data               sim868.o
    0x20000098   0x00000001   Data   RW         1041    .data               sd.o
    0x20000099   0x00000003   PAD
    0x2000009c   0x00000006   Data   RW         1215    .data               ff.o
    0x200000a2   0x00000014   Data   RW         3102    .data               stm32f10x_rcc.o
    0x200000b6   0x00000002   PAD
    0x200000b8   0x00000618   Zero   RW           15    .bss                main.o
    0x200006d0   0x0000084f   Zero   RW          422    .bss                usart.o
    0x20000f1f   0x00000001   PAD
    0x20000f20   0x00000012   Zero   RW          605    .bss                spi.o
    0x20000f32   0x00000200   Zero   RW          643    .bss                crc16.o
    0x20001132   0x00000002   PAD
    0x20001134   0x00000060   Zero   RW         4664    .bss                c_w.l(libspace.o)
    0x20001194   0x00000004   PAD
    0x20001198   0x00000400   Zero   RW          347    HEAP                startup_stm32f10x_md_vl.o
    0x20001598   0x00000600   Zero   RW          346    STACK               startup_stm32f10x_md_vl.o


==============================================================================

Image component sizes


      Code (inc. data)   RO Data    RW Data    ZI Data      Debug   Object Name

         0          0          0          0          0         32   core_cm3.o
       148         16          0          1        512       3129   crc16.o
       144         22          0          4          0       1044   delay.o
       236          0          0          0          0       4022   diskio.o
        94          0          0          0          0        900   exti.o
      6162         58          0          6          0      31405   ff.o
      1942         76        108          0          0      11359   gps.o
       216         28          0          0          0       2002   key.o
       348         30          0          0          0       2342   led.o
      2038        316        100        100       1560     257025   main.o
       172         22          0          0          0       1801   misc.o
      1190         18          0          1          0       7970   sd.o
      4476       1248         71          4          0       8507   sim868.o
       364         38          0          0         18       1829   spi.o
        64         26        288          0       2560        768   startup_stm32f10x_md_vl.o
       200         18          0          0          0       1848   stm32f10x_exti.o
       512         10          0          0          0       4668   stm32f10x_gpio.o
        26          0          0          0          0       3486   stm32f10x_it.o
       344         50          0         20          0       5248   stm32f10x_rcc.o
       112          0          0          0          0       3450   stm32f10x_spi.o
       598         28          0          0          0       6212   stm32f10x_usart.o
       292         24          0         20          0       1957   system_stm32f10x.o
       936         88          0         20       2127       8864   usart.o

    ----------------------------------------------------------------------
     20654       2116        600        184       6780     369868   Object Totals
         0          0         32          0          0          0   (incl. Generated)
        40          0          1          8          3          0   (incl. Padding)

    ----------------------------------------------------------------------

      Code (inc. data)   RO Data    RW Data    ZI Data      Debug   Library Member Name

        24          4          0          0          0         84   __2printf.o
         8          0          0          0          0         68   __main.o
       392          4         17          0          0         92   __printf_flags_ss_wp.o
        14          0          0          0          0         68   __printf_wp.o
         0          0          0          0          0          0   __rtentry.o
        12          0          0          0          0          0   __rtentry2.o
         6          0          0          0          0          0   __rtentry4.o
        52          8          0          0          0          0   __scatter.o
        26          0          0          0          0          0   __scatter_copy.o
        28          0          0          0          0          0   __scatter_zi.o
        28          0          0          0          0         68   _chval.o
        48          6          0          0          0         96   _printf_char_common.o
        36          4          0          0          0         80   _printf_char_file.o
         0          0          0          0          0          0   _printf_percent.o
         4          0          0          0          0          0   _printf_percent_end.o
        22          0          0          0          0        100   _rserrno.o
        64          0          0          0          0         84   _sgetc.o
       158          0          0          0          0         92   _strtoul.o
        26          0          0          0          0         80   atoi.o
       220          4        148          0          0         96   bigflt0.o
      1846        132          0          0          0        736   btod.o
        18          0          0          0          0         80   exit.o
         8          0          0          0          0         68   ferror.o
         6          0          0          0          0        152   heapauxi.o
        18          0          0          0          0         76   isspace.o
        44         10        272          0          0         76   lc_ctype_c.o
        44         10         28          0          0         76   lc_numeric_c.o
         2          0          0          0          0          0   libinit.o
        30          0          0          0          0          0   libinit2.o
         2          0          0          0          0          0   libshutdown.o
         2          0          0          0          0          0   libshutdown2.o
         8          4          0          0         96         68   libspace.o
        38          0          0          0          0         68   llshl.o
        16          4          0          0          0         76   rt_ctype_table.o
         8          4          0          0          0         68   rt_errno_addr_intlibspace.o
         8          4          0          0          0         68   rt_locale_intlibspace.o
       100          0          0          0          0         80   rt_memcpy_w.o
         2          0          0          0          0          0   rtexit.o
        10          0          0          0          0          0   rtexit2.o
      1188         12          0          0          0        148   scanf_fp.o
       792         14          0          0          0        100   scanf_hexfp.o
       308         16          0          0          0        100   scanf_infnan.o
       128          0          0          0          0         68   strcmpv7m.o
        36          0          0          0          0         80   strstr.o
       160         12          0          0          0        120   strtod.o
       112          0          0          0          0         88   strtol.o
        74          0          0          0          0         80   sys_stackheap_outer.o
         2          0          0          0          0         68   use_no_semi.o
         2          0          0          0          0         68   use_no_semi_2.o
        98          4          0          0          0         92   d2f.o
        16          4          0          0          0         68   dcheck1.o
        24          0          0          0          0         68   dcmpi.o
       120          4          0          0          0         92   deqf.o
       120          4          0          0          0         92   dleqf.o
       340         12          0          0          0        104   dmul.o
       156          4          0          0          0         92   dnaninf.o
        12          0          0          0          0         68   dretinf.o
       108          0          0          0          0         80   drleqf.o
        86          4          0          0          0         84   f2d.o
       430          8          0          0          0        168   faddsub_clz.o
       388         76          0          0          0         96   fdiv.o
        54          4          0          0          0         84   ffix.o
        62          4          0          0          0         84   ffixu.o
        92          4          0          0          0         84   ffixull.o
        48          0          0          0          0         68   fflt_clz.o
       258          4          0          0          0         84   fmul.o
       140          4          0          0          0         84   fnaninf.o
         0          0          8          0          0          0   fpconst.o
        10          0          0          0          0         68   fretinf.o
       100          0          0          0          0         68   retnan.o
        92          0          0          0          0         68   scalbn.o
         4          0          0          0          0         68   scanf1.o
         8          0          0          0          0         84   scanf2.o
        48          0          0          0          0         68   trapv.o
         0          0          0          0          0          0   usenofp.o
        42          0          0          0          0         84   atof.o
        30          6          0          0          0        136   dunder.o
        88          8          0          0          0         76   frexp.o
       138          0          0          0          0        160   ldexp.o
       152          4          0          0          0        168   narrow.o

    ----------------------------------------------------------------------
      9474        412        476          0        100       6260   Library Totals
        30          2          3          0          4          0   (incl. Padding)

    ----------------------------------------------------------------------

      Code (inc. data)   RO Data    RW Data    ZI Data      Debug   Library Name

      6180        252        465          0         96       3620   c_w.l
      2814        140          8          0          0       2016   fz_ws.l
       450         18          0          0          0        624   m_ws.l

    ----------------------------------------------------------------------
      9474        412        476          0        100       6260   Library Totals

    ----------------------------------------------------------------------

==============================================================================


      Code (inc. data)   RO Data    RW Data    ZI Data      Debug   

     30128       2528       1076        184       6880     363748   Grand Totals
     30128       2528       1076        184       6880     363748   ELF Image Totals
     30128       2528       1076        184          0          0   ROM Totals

==============================================================================

    Total RO  Size (Code + RO Data)                31204 (  30.47kB)
    Total RW  Size (RW Data + ZI Data)              7064 (   6.90kB)
    Total ROM Size (Code + RO Data + RW Data)      31388 (  30.65kB)

==============================================================================

